Component: Arm Compiler for Embedded 6.22 Tool: armlink [5ee90200]

==============================================================================

Section Cross References

    startup_stm32g474xx.o(RESET) refers to startup_stm32g474xx.o(STACK) for __initial_sp
    startup_stm32g474xx.o(RESET) refers to startup_stm32g474xx.o(.text) for Reset_Handler
    startup_stm32g474xx.o(RESET) refers to stm32g4xx_it.o(.text.NMI_Handler) for NMI_Handler
    startup_stm32g474xx.o(RESET) refers to stm32g4xx_it.o(.text.HardFault_Handler) for HardFault_Handler
    startup_stm32g474xx.o(RESET) refers to stm32g4xx_it.o(.text.MemManage_Handler) for MemManage_Handler
    startup_stm32g474xx.o(RESET) refers to stm32g4xx_it.o(.text.BusFault_Handler) for BusFault_Handler
    startup_stm32g474xx.o(RESET) refers to stm32g4xx_it.o(.text.UsageFault_Handler) for UsageFault_Handler
    startup_stm32g474xx.o(RESET) refers to stm32g4xx_it.o(.text.SVC_Handler) for SVC_Handler
    startup_stm32g474xx.o(RESET) refers to stm32g4xx_it.o(.text.DebugMon_Handler) for DebugMon_Handler
    startup_stm32g474xx.o(RESET) refers to stm32g4xx_it.o(.text.PendSV_Handler) for PendSV_Handler
    startup_stm32g474xx.o(RESET) refers to stm32g4xx_it.o(.text.SysTick_Handler) for SysTick_Handler
    startup_stm32g474xx.o(RESET) refers to stm32g4xx_it.o(.text.EXTI15_10_IRQHandler) for EXTI15_10_IRQHandler
    startup_stm32g474xx.o(.text) refers to system_stm32g4xx.o(.text.SystemInit) for SystemInit
    startup_stm32g474xx.o(.text) refers to entry.o(.ARM.Collect$$$$00000000) for __main
    main.o(.text.main) refers to stm32g4xx_hal.o(.text.HAL_Init) for HAL_Init
    main.o(.text.main) refers to stm32g4xx_hal_pwr_ex.o(.text.HAL_PWREx_ControlVoltageScaling) for HAL_PWREx_ControlVoltageScaling
    main.o(.text.main) refers to stm32g4xx_hal_rcc.o(.text.HAL_RCC_OscConfig) for HAL_RCC_OscConfig
    main.o(.text.main) refers to stm32g4xx_hal_rcc.o(.text.HAL_RCC_ClockConfig) for HAL_RCC_ClockConfig
    main.o(.text.main) refers to gpio.o(.text.MX_GPIO_Init) for MX_GPIO_Init
    main.o(.text.main) refers to i2c.o(.text.MX_I2C2_Init) for MX_I2C2_Init
    main.o(.text.main) refers to i2c.o(.text.MX_I2C3_Init) for MX_I2C3_Init
    main.o(.text.main) refers to usart.o(.text.MX_LPUART1_UART_Init) for MX_LPUART1_UART_Init
    main.o(.text.main) refers to oled_u8g2.o(.text.u8g2Init) for u8g2Init
    main.o(.text.main) refers to u8g2_buffer.o(.text.u8g2_ClearBuffer) for u8g2_ClearBuffer
    main.o(.text.main) refers to u8g2_buffer.o(.text.u8g2_SendBuffer) for u8g2_SendBuffer
    main.o(.text.main) refers to i2c.o(.text.user_i2c_read) for user_i2c_read
    main.o(.text.main) refers to i2c.o(.text.user_i2c_write) for user_i2c_write
    main.o(.text.main) refers to i2c.o(.text.user_delay_ms) for user_delay_ms
    main.o(.text.main) refers to bme280.o(.text.bme280_init) for bme280_init
    main.o(.text.main) refers to printfa.o(i.__0printf) for __2printf
    main.o(.text.main) refers to bme280_selftest.o(.text.bme280_crc_selftest) for bme280_crc_selftest
    main.o(.text.main) refers to puts.o(i.puts) for puts
    main.o(.text.main) refers to bme280_bsp.o(.text.oled_sensor_data_normal_mode) for oled_sensor_data_normal_mode
    main.o(.ARM.exidx.text.main) refers to main.o(.text.main) for [Anonymous Symbol]
    main.o(.text.SystemClock_Config) refers to stm32g4xx_hal_pwr_ex.o(.text.HAL_PWREx_ControlVoltageScaling) for HAL_PWREx_ControlVoltageScaling
    main.o(.text.SystemClock_Config) refers to stm32g4xx_hal_rcc.o(.text.HAL_RCC_OscConfig) for HAL_RCC_OscConfig
    main.o(.text.SystemClock_Config) refers to stm32g4xx_hal_rcc.o(.text.HAL_RCC_ClockConfig) for HAL_RCC_ClockConfig
    main.o(.ARM.exidx.text.SystemClock_Config) refers to main.o(.text.SystemClock_Config) for [Anonymous Symbol]
    main.o(.ARM.exidx.text.Error_Handler) refers to main.o(.text.Error_Handler) for [Anonymous Symbol]
    main.o(.text.fputc) refers to usart.o(.bss.hlpuart1) for hlpuart1
    main.o(.text.fputc) refers to stm32g4xx_hal_uart.o(.text.HAL_UART_Transmit) for HAL_UART_Transmit
    main.o(.ARM.exidx.text.fputc) refers to main.o(.text.fputc) for [Anonymous Symbol]
    gpio.o(.text.MX_GPIO_Init) refers to stm32g4xx_hal_gpio.o(.text.HAL_GPIO_WritePin) for HAL_GPIO_WritePin
    gpio.o(.text.MX_GPIO_Init) refers to stm32g4xx_hal_gpio.o(.text.HAL_GPIO_Init) for HAL_GPIO_Init
    gpio.o(.text.MX_GPIO_Init) refers to stm32g4xx_hal_cortex.o(.text.HAL_NVIC_SetPriority) for HAL_NVIC_SetPriority
    gpio.o(.text.MX_GPIO_Init) refers to stm32g4xx_hal_cortex.o(.text.HAL_NVIC_EnableIRQ) for HAL_NVIC_EnableIRQ
    gpio.o(.ARM.exidx.text.MX_GPIO_Init) refers to gpio.o(.text.MX_GPIO_Init) for [Anonymous Symbol]
    i2c.o(.text.MX_I2C2_Init) refers to i2c.o(.bss.hi2c2) for hi2c2
    i2c.o(.text.MX_I2C2_Init) refers to stm32g4xx_hal_i2c.o(.text.HAL_I2C_Init) for HAL_I2C_Init
    i2c.o(.text.MX_I2C2_Init) refers to main.o(.text.Error_Handler) for Error_Handler
[...]
    .text                                    0x08000648   Section        0  dcmpgt.o(.text)
    .text                                    0x0800067e   Section        0  dcmpeq.o(.text)
    .text                                    0x080006b6   Section        0  dflti.o(.text)
    .text                                    0x080006d8   Section        0  dfltui.o(.text)
    .text                                    0x080006f2   Section        0  dfixi.o(.text)
    .text                                    0x08000730   Section        0  uidiv.o(.text)
    .text                                    0x0800075c   Section        0  llshl.o(.text)
    .text                                    0x0800077a   Section        0  llushr.o(.text)
    .text                                    0x0800079a   Section        0  llsshr.o(.text)
    .text                                    0x080007be   Section        0  iusefp.o(.text)
    .text                                    0x080007be   Section        0  depilogue.o(.text)
    .text                                    0x08000878   Section        0  dfixul.o(.text)
    .text                                    0x080008a8   Section       48  cdrcmple.o(.text)
    .text                                    0x080008d8   Section       48  init.o(.text)
    [Anonymous Symbol]                       0x08000908   Section        0  stm32g4xx_it.o(.text.BusFault_Handler)
    [Anonymous Symbol]                       0x0800090c   Section        0  stm32g4xx_it.o(.text.DebugMon_Handler)
    [Anonymous Symbol]                       0x08000910   Section        0  stm32g4xx_it.o(.text.EXTI15_10_IRQHandler)
    [Anonymous Symbol]                       0x08000918   Section        0  main.o(.text.Error_Handler)
    [Anonymous Symbol]                       0x08000924   Section        0  stm32g4xx_hal.o(.text.HAL_Delay)
    [Anonymous Symbol]                       0x0800094c   Section        0  stm32g4xx_hal_gpio.o(.text.HAL_GPIO_EXTI_Callback)
    [Anonymous Symbol]                       0x08000950   Section        0  stm32g4xx_hal_gpio.o(.text.HAL_GPIO_EXTI_IRQHandler)
    [Anonymous Symbol]                       0x08000968   Section        0  stm32g4xx_hal_gpio.o(.text.HAL_GPIO_Init)
    [Anonymous Symbol]                       0x08000b1c   Section        0  stm32g4xx_hal_gpio.o(.text.HAL_GPIO_WritePin)
    [Anonymous Symbol]                       0x08000b28   Section        0  stm32g4xx_hal.o(.text.HAL_GetTick)
    [Anonymous Symbol]                       0x08000b34   Section        0  stm32g4xx_hal_i2c_ex.o(.text.HAL_I2CEx_ConfigAnalogFilter)
    [Anonymous Symbol]                       0x08000b80   Section        0  stm32g4xx_hal_i2c_ex.o(.text.HAL_I2CEx_ConfigDigitalFilter)
    [Anonymous Symbol]                       0x08000bc8   Section        0  stm32g4xx_hal_i2c.o(.text.HAL_I2C_Init)
    [Anonymous Symbol]                       0x08000c78   Section        0  stm32g4xx_hal_i2c.o(.text.HAL_I2C_Master_Transmit)
    [Anonymous Symbol]                       0x08000e50   Section        0  stm32g4xx_hal_i2c.o(.text.HAL_I2C_Mem_Read)
    [Anonymous Symbol]                       0x08001094   Section        0  stm32g4xx_hal_i2c.o(.text.HAL_I2C_Mem_Write)
    [Anonymous Symbol]                       0x080012d0   Section        0  i2c.o(.text.HAL_I2C_MspInit)
    [Anonymous Symbol]                       0x080013c8   Section        0  stm32g4xx_hal.o(.text.HAL_IncTick)
    [Anonymous Symbol]                       0x080013e4   Section        0  stm32g4xx_hal.o(.text.HAL_Init)
    [Anonymous Symbol]                       0x08001404   Section        0  stm32g4xx_hal.o(.text.HAL_InitTick)
    [Anonymous Symbol]                       0x08001454   Section        0  stm32g4xx_hal_msp.o(.text.HAL_MspInit)
    [Anonymous Symbol]                       0x08001488   Section        0  stm32g4xx_hal_cortex.o(.text.HAL_NVIC_EnableIRQ)
    [Anonymous Symbol]                       0x080014ac   Section        0  stm32g4xx_hal_cortex.o(.text.HAL_NVIC_SetPriority)
    [Anonymous Symbol]                       0x08001504   Section        0  stm32g4xx_hal_cortex.o(.text.HAL_NVIC_SetPriorityGrouping)
    [Anonymous Symbol]                       0x08001524   Section        0  stm32g4xx_hal_pwr_ex.o(.text.HAL_PWREx_ControlVoltageScaling)
    [Anonymous Symbol]                       0x08001634   Section        0  stm32g4xx_hal_pwr_ex.o(.text.HAL_PWREx_DisableUCPDDeadBattery)
    [Anonymous Symbol]                       0x08001648   Section        0  stm32g4xx_hal_rcc_ex.o(.text.HAL_RCCEx_PeriphCLKConfig)
    [Anonymous Symbol]                       0x08001920   Section        0  stm32g4xx_hal_rcc.o(.text.HAL_RCC_ClockConfig)
    [Anonymous Symbol]                       0x08001c24   Section        0  stm32g4xx_hal_rcc.o(.text.HAL_RCC_GetPCLK1Freq)
    [Anonymous Symbol]                       0x08001c50   Section        0  stm32g4xx_hal_rcc.o(.text.HAL_RCC_GetPCLK2Freq)
    [Anonymous Symbol]                       0x08001c7c   Section        0  stm32g4xx_hal_rcc.o(.text.HAL_RCC_GetSysClockFreq)
    [Anonymous Symbol]                       0x08001d00   Section        0  stm32g4xx_hal_rcc.o(.text.HAL_RCC_OscConfig)
    [Anonymous Symbol]                       0x080021d0   Section        0  stm32g4xx_hal_cortex.o(.text.HAL_SYSTICK_Config)
    [Anonymous Symbol]                       0x080021fc   Section        0  stm32g4xx_hal_uart_ex.o(.text.HAL_UARTEx_DisableFifoMode)
    [Anonymous Symbol]                       0x08002234   Section        0  stm32g4xx_hal_uart_ex.o(.text.HAL_UARTEx_SetRxFifoThreshold)
    [Anonymous Symbol]                       0x080022c0   Section        0  stm32g4xx_hal_uart_ex.o(.text.HAL_UARTEx_SetTxFifoThreshold)
    [Anonymous Symbol]                       0x0800234c   Section        0  stm32g4xx_hal_uart.o(.text.HAL_UART_Init)
    [Anonymous Symbol]                       0x080023b0   Section        0  usart.o(.text.HAL_UART_MspInit)
    [Anonymous Symbol]                       0x08002440   Section        0  stm32g4xx_hal_uart.o(.text.HAL_UART_Transmit)
    [Anonymous Symbol]                       0x080025f0   Section        0  stm32g4xx_it.o(.text.HardFault_Handler)
    I2C_IsErrorOccurred                      0x080025f5   Thumb Code   348  stm32g4xx_hal_i2c.o(.text.I2C_IsErrorOccurred)
    [Anonymous Symbol]                       0x080025f4   Section        0  stm32g4xx_hal_i2c.o(.text.I2C_IsErrorOccurred)
    I2C_WaitOnFlagUntilTimeout               0x08002751   Thumb Code   228  stm32g4xx_hal_i2c.o(.text.I2C_WaitOnFlagUntilTimeout)
    [Anonymous Symbol]                       0x08002750   Section        0  stm32g4xx_hal_i2c.o(.text.I2C_WaitOnFlagUntilTimeout)
    I2C_WaitOnSTOPFlagUntilTimeout           0x08002835   Thumb Code   124  stm32g4xx_hal_i2c.o(.text.I2C_WaitOnSTOPFlagUntilTimeout)
    [Anonymous Symbol]                       0x08002834   Section        0  stm32g4xx_hal_i2c.o(.text.I2C_WaitOnSTOPFlagUntilTimeout)
    I2C_WaitOnTXISFlagUntilTimeout           0x080028b1   Thumb Code   152  stm32g4xx_hal_i2c.o(.text.I2C_WaitOnTXISFlagUntilTimeout)
    [Anonymous Symbol]                       0x080028b0   Section        0  stm32g4xx_hal_i2c.o(.text.I2C_WaitOnTXISFlagUntilTimeout)
    [Anonymous Symbol]                       0x08002948   Section        0  gpio.o(.text.MX_GPIO_Init)
    [Anonymous Symbol]                       0x080029fc   Section        0  i2c.o(.text.MX_I2C2_Init)
    [Anonymous Symbol]                       0x08002a68   Section        0  i2c.o(.text.MX_I2C3_Init)
    [Anonymous Symbol]                       0x08002ad4   Section        0  usart.o(.text.MX_LPUART1_UART_Init)
    [Anonymous Symbol]                       0x08002b5c   Section        0  stm32g4xx_it.o(.text.MemManage_Handler)
    [Anonymous Symbol]                       0x08002b60   Section        0  stm32g4xx_it.o(.text.NMI_Handler)
    [Anonymous Symbol]                       0x08002b64   Section        0  stm32g4xx_it.o(.text.PendSV_Handler)
    [Anonymous Symbol]                       0x08002b68   Section        0  oled_u8g2.o(.text.PrintVarFormat)
    [Anonymous Symbol]                       0x08002ba0   Section        0  stm32g4xx_it.o(.text.SVC_Handler)
    [Anonymous Symbol]                       0x08002ba4   Section        0  stm32g4xx_it.o(.text.SysTick_Handler)
    [Anonymous Symbol]                       0x08002ba8   Section        0  system_stm32g4xx.o(.text.SystemInit)
    [Anonymous Symbol]                       0x08002bbc   Section        0  stm32g4xx_hal_uart.o(.text.UART_AdvFeatureConfig)
    [Anonymous Symbol]                       0x08002ca4   Section        0  stm32g4xx_hal_uart.o(.text.UART_CheckIdleState)
    [Anonymous Symbol]                       0x08002e10   Section        0  stm32g4xx_hal_uart.o(.text.UART_SetConfig)
    [Anonymous Symbol]                       0x080030c4   Section        0  stm32g4xx_hal_uart.o(.text.UART_WaitOnFlagUntilTimeout)
    [Anonymous Symbol]                       0x080033fc   Section        0  stm32g4xx_it.o(.text.UsageFault_Handler)
    [Anonymous Symbol]                       0x08003400   Section        0  bme280.o(.text.bme280_compensate_data)
    [Anonymous Symbol]                       0x08003aa8   Section        0  bme280_selftest.o(.text.bme280_crc_selftest)
    [Anonymous Symbol]                       0x08003c44   Section        0  bme280.o(.text.bme280_get_regs)
    [Anonymous Symbol]                       0x08003c94   Section        0  bme280.o(.text.bme280_get_sensor_data)
    [Anonymous Symbol]                       0x08003d20   Section        0  bme280.o(.text.bme280_init)
    [Anonymous Symbol]                       0x08003f2c   Section        0  bme280.o(.text.bme280_set_sensor_mode)
    [Anonymous Symbol]                       0x08004004   Section        0  bme280.o(.text.bme280_set_sensor_settings)
    [Anonymous Symbol]                       0x08004148   Section        0  main.o(.text.fputc)
    [Anonymous Symbol]                       0x08004168   Section        0  main.o(.text.main)
    [Anonymous Symbol]                       0x08004280   Section        0  bme280_bsp.o(.text.oled_sensor_data_normal_mode)
    put_device_to_sleep                      0x080043ed   Thumb Code   328  bme280.o(.text.put_device_to_sleep)
    [Anonymous Symbol]                       0x080043ec   Section        0  bme280.o(.text.put_device_to_sleep)
    set_osr_settings                         0x08004535   Thumb Code   380  bme280.o(.text.set_osr_settings)
    [Anonymous Symbol]                       0x08004534   Section        0  bme280.o(.text.set_osr_settings)
    [Anonymous Symbol]                       0x080046b0   Section        0  oled_u8g2.o(.text.u8g2Init)
    [Anonymous Symbol]                       0x080046e8   Section        0  u8g2_buffer.o(.text.u8g2_ClearBuffer)
    [Anonymous Symbol]                       0x08004700   Section        0  u8g2_circle.o(.text.u8g2_DrawCircle)
    [Anonymous Symbol]                       0x080047a4   Section        0  u8g2_hvline.o(.text.u8g2_DrawHVLine)
    [Anonymous Symbol]                       0x080048b0   Section        0  u8g2_hvline.o(.text.u8g2_DrawPixel)
    [Anonymous Symbol]                       0x080048f8   Section        0  u8g2_font.o(.text.u8g2_DrawStr)
    [Anonymous Symbol]                       0x08004908   Section        0  u8g2_font.o(.text.u8g2_DrawUTF8)
    [Anonymous Symbol]                       0x08004918   Section        0  u8g2_intersection.o(.text.u8g2_IsIntersection)
    [Anonymous Symbol]                       0x08004980   Section        0  u8g2_buffer.o(.text.u8g2_SendBuffer)
    [Anonymous Symbol]                       0x08004994   Section        0  u8g2_font.o(.text.u8g2_SetFont)
    [Anonymous Symbol]                       0x08004a80   Section        0  u8g2_font.o(.text.u8g2_SetFontPosBaseline)
    [Anonymous Symbol]                       0x08004a8c   Section        0  u8g2_setup.o(.text.u8g2_SetupBuffer)
    [Anonymous Symbol]                       0x08004ad8   Section        0  u8g2_d_setup.o(.text.u8g2_Setup_ssd1306_i2c_128x64_noname_f)
    [Anonymous Symbol]                       0x08004b1c   Section        0  u8g2_font.o(.text.u8g2_add_vector_x)
    [Anonymous Symbol]                       0x08004b40   Section        0  u8g2_font.o(.text.u8g2_add_vector_y)
    u8g2_draw_circle_section                 0x08004b65   Thumb Code   194  u8g2_circle.o(.text.u8g2_draw_circle_section)
    [Anonymous Symbol]                       0x08004b64   Section        0  u8g2_circle.o(.text.u8g2_draw_circle_section)
    [Anonymous Symbol]                       0x08004c28   Section        0  u8g2_hvline.o(.text.u8g2_draw_hv_line_2dir)
    [Anonymous Symbol]                       0x08004c48   Section        0  u8g2_setup.o(.text.u8g2_draw_l90_r0)
    u8g2_draw_string                         0x08004c5d   Thumb Code   238  u8g2_font.o(.text.u8g2_draw_string)
    [Anonymous Symbol]                       0x08004c5c   Section        0  u8g2_font.o(.text.u8g2_draw_string)
    [Anonymous Symbol]                       0x08004d4c   Section        0  u8g2_font.o(.text.u8g2_font_calc_vref_font)
    [Anonymous Symbol]                       0x08004d50   Section        0  u8g2_font.o(.text.u8g2_font_decode_glyph)
    [Anonymous Symbol]                       0x08005264   Section        0  u8g2_font.o(.text.u8g2_font_get_glyph_data)
    u8g2_font_get_word                       0x08005331   Thumb Code     8  u8g2_font.o(.text.u8g2_font_get_word)
    [Anonymous Symbol]                       0x08005330   Section        0  u8g2_font.o(.text.u8g2_font_get_word)
    [Anonymous Symbol]                       0x08005338   Section        0  u8g2_ll_hvline.o(.text.u8g2_ll_hvline_vertical_top_lsb)
    [Anonymous Symbol]                       0x080055bc   Section        0  u8g2_d_memory.o(.text.u8g2_m_16_8_f)
    u8g2_send_buffer                         0x080055cd   Thumb Code    88  u8g2_buffer.o(.text.u8g2_send_buffer)
    [Anonymous Symbol]                       0x080055cc   Section        0  u8g2_buffer.o(.text.u8g2_send_buffer)
    [Anonymous Symbol]                       0x08005624   Section        0  u8g2_setup.o(.text.u8g2_update_dimension_r0)
    [Anonymous Symbol]                       0x08005680   Section        0  u8g2_setup.o(.text.u8g2_update_page_win_r0)
    [Anonymous Symbol]                       0x08005708   Section        0  u8x8_display.o(.text.u8x8_DrawTile)
    [Anonymous Symbol]                       0x08005730   Section        0  u8x8_display.o(.text.u8x8_InitDisplay)
    [Anonymous Symbol]                       0x0800573c   Section        0  u8x8_display.o(.text.u8x8_RefreshDisplay)
    [Anonymous Symbol]                       0x08005748   Section        0  u8x8_display.o(.text.u8x8_SetPowerSave)
    [Anonymous Symbol]                       0x08005754   Section        0  u8x8_setup.o(.text.u8x8_Setup)
    [Anonymous Symbol]                       0x08005784   Section        0  u8x8_display.o(.text.u8x8_SetupMemory)
    [Anonymous Symbol]                       0x08005790   Section        0  u8x8_8x8.o(.text.u8x8_ascii_next)
    [Anonymous Symbol]                       0x080057a4   Section        0  u8x8_byte.o(.text.u8x8_byte_EndTransfer)
    [Anonymous Symbol]                       0x080057b0   Section        0  u8x8_byte.o(.text.u8x8_byte_SendByte)
    [Anonymous Symbol]                       0x080057c8   Section        0  u8x8_byte.o(.text.u8x8_byte_SendBytes)
    [Anonymous Symbol]                       0x080057d4   Section        0  u8x8_byte.o(.text.u8x8_byte_StartTransfer)
    [Anonymous Symbol]                       0x080057e0   Section        0  oled_u8g2.o(.text.u8x8_byte_hw_i2c)
    [Anonymous Symbol]                       0x080058f8   Section        0  u8x8_cad.o(.text.u8x8_cad_EndTransfer)
    [Anonymous Symbol]                       0x08005904   Section        0  u8x8_cad.o(.text.u8x8_cad_SendArg)
    [Anonymous Symbol]                       0x08005910   Section        0  u8x8_cad.o(.text.u8x8_cad_SendCmd)
    [Anonymous Symbol]                       0x0800591c   Section        0  u8x8_cad.o(.text.u8x8_cad_SendData)
    [Anonymous Symbol]                       0x08005928   Section        0  u8x8_cad.o(.text.u8x8_cad_SendSequence)
    [Anonymous Symbol]                       0x080059a4   Section        0  u8x8_cad.o(.text.u8x8_cad_StartTransfer)
    [Anonymous Symbol]                       0x080059b0   Section        0  u8x8_cad.o(.text.u8x8_cad_ssd13xx_fast_i2c)
    [Anonymous Symbol]                       0x08005bc0   Section        0  u8x8_display.o(.text.u8x8_d_helper_display_init)
    [Anonymous Symbol]                       0x08005c24   Section        0  u8x8_display.o(.text.u8x8_d_helper_display_setup_memory)
    [Anonymous Symbol]                       0x08005c30   Section        0  u8x8_d_ssd1306_128x64_noname.o(.text.u8x8_d_ssd1306_128x64_noname)
    u8x8_d_ssd1306_sh1106_generic            0x08005c79   Thumb Code   236  u8x8_d_ssd1306_128x64_noname.o(.text.u8x8_d_ssd1306_sh1106_generic)
    [Anonymous Symbol]                       0x08005c78   Section        0  u8x8_d_ssd1306_128x64_noname.o(.text.u8x8_d_ssd1306_sh1106_generic)
    [Anonymous Symbol]                       0x08005d64   Section        0  oled_u8g2.o(.text.u8x8_gpio_and_delay)
    [Anonymous Symbol]                       0x08005e58   Section        0  u8x8_gpio.o(.text.u8x8_gpio_call)
    u8x8_i2c_data_transfer                   0x08005e61   Thumb Code    46  u8x8_cad.o(.text.u8x8_i2c_data_transfer)
    [Anonymous Symbol]                       0x08005e60   Section        0  u8x8_cad.o(.text.u8x8_i2c_data_transfer)
    [Anonymous Symbol]                       0x08005e90   Section        0  u8x8_8x8.o(.text.u8x8_utf8_init)
    [Anonymous Symbol]                       0x08005e98   Section        0  u8x8_8x8.o(.text.u8x8_utf8_next)
    [Anonymous Symbol]                       0x08005f1c   Section        0  i2c.o(.text.user_delay_ms)
    [Anonymous Symbol]                       0x08005f20   Section        0  i2c.o(.text.user_i2c_read)
    [Anonymous Symbol]                       0x08005f54   Section        0  i2c.o(.text.user_i2c_write)
    i.__0printf                              0x08005f88   Section        0  printfa.o(i.__0printf)
    i.__0sprintf                             0x08005fa8   Section        0  printfa.o(i.__0sprintf)
    i.__scatterload_copy                     0x08005fd0   Section       14  handlers.o(i.__scatterload_copy)
    i.__scatterload_null                     0x08005fde   Section        2  handlers.o(i.__scatterload_null)
    i.__scatterload_zeroinit                 0x08005fe0   Section       14  handlers.o(i.__scatterload_zeroinit)
    _fp_digits                               0x08005ff1   Thumb Code   366  printfa.o(i._fp_digits)
    i._fp_digits                             0x08005ff0   Section        0  printfa.o(i._fp_digits)
    _printf_core                             0x08006175   Thumb Code  1744  printfa.o(i._printf_core)
    i._printf_core                           0x08006174   Section        0  printfa.o(i._printf_core)
    _printf_post_padding                     0x08006851   Thumb Code    36  printfa.o(i._printf_post_padding)
    i._printf_post_padding                   0x08006850   Section        0  printfa.o(i._printf_post_padding)
    _printf_pre_padding                      0x08006875   Thumb Code    46  printfa.o(i._printf_pre_padding)
    i._printf_pre_padding                    0x08006874   Section        0  printfa.o(i._printf_pre_padding)
    _sputc                                   0x080068a3   Thumb Code    10  printfa.o(i._sputc)
    i._sputc                                 0x080068a2   Section        0  printfa.o(i._sputc)
    i.puts                                   0x080068ac   Section        0  puts.o(i.puts)
    .Lswitch.table.UART_SetConfig.5          0x08006900   Data          16  stm32g4xx_hal_uart.o(.rodata.cst16)
    UARTEx_SetNbDataToProcess.numerator      0x08006910   Data           8  stm32g4xx_hal_uart_ex.o(.rodata.cst8)
    [Anonymous Symbol]                       0x08006910   Section        0  stm32g4xx_hal_uart_ex.o(.rodata.cst8)
    UARTEx_SetNbDataToProcess.denominator    0x08006918   Data           8  stm32g4xx_hal_uart_ex.o(.rodata.cst8)
    .L.str                                   0x08006920   Data          61  bme280_bsp.o(.rodata.str1.1)
    [Anonymous Symbol]                       0x08006920   Section        0  bme280_bsp.o(.rodata.str1.1)
    .Lstr.5                                  0x0800695d   Data          53  bme280_bsp.o(.rodata.str1.1)
    u8x8_d_ssd1306_128x64_noname_flip0_seq   0x08007342   Data           7  u8x8_d_ssd1306_128x64_noname.o(.rodata.u8x8_d_ssd1306_128x64_noname_flip0_seq)
    [Anonymous Symbol]                       0x08007342   Section        0  u8x8_d_ssd1306_128x64_noname.o(.rodata.u8x8_d_ssd1306_128x64_noname_flip0_seq)
    u8x8_d_ssd1306_128x64_noname_flip1_seq   0x08007349   Data           7  u8x8_d_ssd1306_128x64_noname.o(.rodata.u8x8_d_ssd1306_128x64_noname_flip1_seq)
    [Anonymous Symbol]                       0x08007349   Section        0  u8x8_d_ssd1306_128x64_noname.o(.rodata.u8x8_d_ssd1306_128x64_noname_flip1_seq)
    u8x8_d_ssd1306_128x64_noname_init_seq    0x08007350   Data          53  u8x8_d_ssd1306_128x64_noname.o(.rodata.u8x8_d_ssd1306_128x64_noname_init_seq)
    [Anonymous Symbol]                       0x08007350   Section        0  u8x8_d_ssd1306_128x64_noname.o(.rodata.u8x8_d_ssd1306_128x64_noname_init_seq)
    u8x8_d_ssd1306_128x64_noname_powersave0_seq 0x08007385   Data           5  u8x8_d_ssd1306_128x64_noname.o(.rodata.u8x8_d_ssd1306_128x64_noname_powersave0_seq)
    [Anonymous Symbol]                       0x08007385   Section        0  u8x8_d_ssd1306_128x64_noname.o(.rodata.u8x8_d_ssd1306_128x64_noname_powersave0_seq)
    u8x8_d_ssd1306_128x64_noname_powersave1_seq 0x0800738a   Data           5  u8x8_d_ssd1306_128x64_noname.o(.rodata.u8x8_d_ssd1306_128x64_noname_powersave1_seq)
    [Anonymous Symbol]                       0x0800738a   Section        0  u8x8_d_ssd1306_128x64_noname.o(.rodata.u8x8_d_ssd1306_128x64_noname_powersave1_seq)
    u8x8_ssd1306_128x64_noname_display_info  0x08007390   Data          24  u8x8_d_ssd1306_128x64_noname.o(.rodata.u8x8_ssd1306_128x64_noname_display_info)
    [Anonymous Symbol]                       0x08007390   Section        0  u8x8_d_ssd1306_128x64_noname.o(.rodata.u8x8_ssd1306_128x64_noname_display_info)
    .data                                    0x20000000   Section        4  stdout.o(.data)
    .L_MergedGlobals                         0x20000004   Data           8  stm32g4xx_hal.o(.data..L_MergedGlobals)
    [Anonymous Symbol]                       0x20000004   Section        0  stm32g4xx_hal.o(.data..L_MergedGlobals)
    u8g2_m_16_8_f.buf                        0x2000014c   Data        1024  u8g2_d_memory.o(.bss.u8g2_m_16_8_f.buf)
    [Anonymous Symbol]                       0x2000014c   Section        0  u8g2_d_memory.o(.bss.u8g2_m_16_8_f.buf)
    u8x8_byte_hw_i2c.buf_idx                 0x2000054c   Data           1  oled_u8g2.o(.bss.u8x8_byte_hw_i2c.buf_idx)
    [Anonymous Symbol]                       0x2000054c   Section        0  oled_u8g2.o(.bss.u8x8_byte_hw_i2c.buf_idx)
    u8x8_byte_hw_i2c.buffer                  0x2000054d   Data         128  oled_u8g2.o(.bss.u8x8_byte_hw_i2c.buffer)
    [Anonymous Symbol]                       0x2000054d   Section        0  oled_u8g2.o(.bss.u8x8_byte_hw_i2c.buffer)
    u8x8_cad_ssd13xx_fast_i2c.in_transfer    0x200005cd   Data           1  u8x8_cad.o(.bss.u8x8_cad_ssd13xx_fast_i2c.in_transfer)
    [Anonymous Symbol]                       0x200005cd   Section        0  u8x8_cad.o(.bss.u8x8_cad_ssd13xx_fast_i2c.in_transfer)
    STACK                                    0x200005d8   Section     1024  startup_stm32g474xx.o(STACK)

    Global Symbols

    Symbol Name                              Value     Ov Type        Size  Object(Section)

    BuildAttributes$$THM_ISAv4$E$P$D$K$B$S$7EM$VFPi3$EXTD16$VFPS$VFMA$PE$A:L22UL41UL21$X:L11$S22US41US21$IEEE1$IW$~IW$USESV6$~STKCKD$USESV7$~SHL$OTIME$ROPI$EBA8$MICROLIB$REQ8$PRES8$EABIv2 0x00000000   Number         0  anon$$obj.o ABSOLUTE
    _printf_a                                0x00000000   Number         0  printfstubs.o ABSOLUTE
    _printf_c                                0x00000000   Number         0  printfstubs.o ABSOLUTE
    _printf_charcount                        0x00000000   Number         0  printfstubs.o ABSOLUTE
    _printf_d                                0x00000000   Number         0  printfstubs.o ABSOLUTE
    _printf_e                                0x00000000   Number         0  printfstubs.o ABSOLUTE
    _printf_f                                0x00000000   Number         0  printfstubs.o ABSOLUTE
    _printf_flags                            0x00000000   Number         0  printfstubs.o ABSOLUTE
    _printf_fp_dec                           0x00000000   Number         0  printfstubs.o ABSOLUTE
    _printf_fp_hex                           0x00000000   Number         0  printfstubs.o ABSOLUTE
    _printf_g                                0x00000000   Number         0  printfstubs.o ABSOLUTE
    _printf_i                                0x00000000   Number         0  printfstubs.o ABSOLUTE
    _printf_int_dec                          0x00000000   Number         0  printfstubs.o ABSOLUTE
    _printf_l                                0x00000000   Number         0  printfstubs.o ABSOLUTE
    _printf_lc                               0x00000000   Number         0  printfstubs.o ABSOLUTE
    _printf_ll                               0x00000000   Number         0  printfstubs.o ABSOLUTE
    _printf_lld                              0x00000000   Number         0  printfstubs.o ABSOLUTE
    _printf_lli                              0x00000000   Number         0  printfstubs.o ABSOLUTE
    _printf_llo                              0x00000000   Number         0  printfstubs.o ABSOLUTE
    _printf_llu                              0x00000000   Number         0  printfstubs.o ABSOLUTE
    _printf_llx                              0x00000000   Number         0  printfstubs.o ABSOLUTE
    _printf_longlong_dec                     0x00000000   Number         0  printfstubs.o ABSOLUTE
    _printf_longlong_hex                     0x00000000   Number         0  printfstubs.o ABSOLUTE
    _printf_longlong_oct                     0x00000000   Number         0  printfstubs.o ABSOLUTE
    _printf_ls                               0x00000000   Number         0  printfstubs.o ABSOLUTE
    _printf_mbtowc                           0x00000000   Number         0  printfstubs.o ABSOLUTE
    _printf_n                                0x00000000   Number         0  printfstubs.o ABSOLUTE
    _printf_o                                0x00000000   Number         0  printfstubs.o ABSOLUTE
    _printf_p                                0x00000000   Number         0  printfstubs.o ABSOLUTE
    _printf_percent                          0x00000000   Number         0  printfstubs.o ABSOLUTE
    _printf_pre_padding                      0x00000000   Number         0  printfstubs.o ABSOLUTE
    _printf_return_value                     0x00000000   Number         0  printfstubs.o ABSOLUTE
    _printf_s                                0x00000000   Number         0  printfstubs.o ABSOLUTE
    _printf_sizespec                         0x00000000   Number         0  printfstubs.o ABSOLUTE
    _printf_str                              0x00000000   Number         0  printfstubs.o ABSOLUTE
    _printf_truncate_signed                  0x00000000   Number         0  printfstubs.o ABSOLUTE
    _printf_truncate_unsigned                0x00000000   Number         0  printfstubs.o ABSOLUTE
    _printf_u                                0x00000000   Number         0  printfstubs.o ABSOLUTE
    _printf_wc                               0x00000000   Number         0  printfstubs.o ABSOLUTE
    _printf_wctomb                           0x00000000   Number         0  printfstubs.o ABSOLUTE
    _printf_widthprec                        0x00000000   Number         0  printfstubs.o ABSOLUTE
    _printf_x                                0x00000000   Number         0  printfstubs.o ABSOLUTE
    __cpp_initialize__aeabi_                  - Undefined Weak Reference
    __cxa_finalize                            - Undefined Weak Reference
    __decompress                              - Undefined Weak Reference
    _clock_init                               - Undefined Weak Reference
    _microlib_exit                            - Undefined Weak Reference
    __Vectors_Size                           0x000001d8   Number         0  startup_stm32g474xx.o ABSOLUTE
    __Vectors                                0x08000000   Data           4  startup_stm32g474xx.o(RESET)
    __Vectors_End                            0x080001d8   Data           0  startup_stm32g474xx.o(RESET)
    __main                                   0x080001d9   Thumb Code     0  entry.o(.ARM.Collect$$$$00000000)
    _main_stk                                0x080001d9   Thumb Code     0  entry2.o(.ARM.Collect$$$$00000001)
    _main_scatterload                        0x080001dd   Thumb Code     0  entry5.o(.ARM.Collect$$$$00000004)
    __main_after_scatterload                 0x080001e1   Thumb Code     0  entry5.o(.ARM.Collect$$$$00000004)
    _main_clock                              0x080001e1   Thumb Code     0  entry7b.o(.ARM.Collect$$$$00000008)
    _main_cpp_init                           0x080001e1   Thumb Code     0  entry8b.o(.ARM.Collect$$$$0000000A)
    _main_init                               0x080001e1   Thumb Code     0  entry9a.o(.ARM.Collect$$$$0000000B)
    __rt_final_cpp                           0x080001e9   Thumb Code     0  entry10a.o(.ARM.Collect$$$$0000000D)
    __rt_final_exit                          0x080001e9   Thumb Code     0  entry11a.o(.ARM.Collect$$$$0000000F)
    Reset_Handler                            0x080001ed   Thumb Code     8  startup_stm32g474xx.o(.text)
    ADC1_2_IRQHandler                        0x08000207   Thumb Code     0  startup_stm32g474xx.o(.text)
    ADC3_IRQHandler                          0x08000207   Thumb Code     0  startup_stm32g474xx.o(.text)
    ADC4_IRQHandler                          0x08000207   Thumb Code     0  startup_stm32g474xx.o(.text)
    ADC5_IRQHandler                          0x08000207   Thumb Code     0  startup_stm32g474xx.o(.text)
    COMP1_2_3_IRQHandler                     0x08000207   Thumb Code     0  startup_stm32g474xx.o(.text)
    COMP4_5_6_IRQHandler                     0x08000207   Thumb Code     0  startup_stm32g474xx.o(.text)
    COMP7_IRQHandler                         0x08000207   Thumb Code     0  startup_stm32g474xx.o(.text)
    CORDIC_IRQHandler                        0x08000207   Thumb Code     0  startup_stm32g474xx.o(.text)
    CRS_IRQHandler                           0x08000207   Thumb Code     0  startup_stm32g474xx.o(.text)
    DMA1_Channel1_IRQHandler                 0x08000207   Thumb Code     0  startup_stm32g474xx.o(.text)
    DMA1_Channel2_IRQHandler                 0x08000207   Thumb Code     0  startup_stm32g474xx.o(.text)
    DMA1_Channel3_IRQHandler                 0x08000207   Thumb Code     0  startup_stm32g474xx.o(.text)
    DMA1_Channel4_IRQHandler                 0x08000207   Thumb Code     0  startup_stm32g474xx.o(.text)
    DMA1_Channel5_IRQHandler                 0x08000207   Thumb Code     0  startup_stm32g474xx.o(.text)
    DMA1_Channel6_IRQHandler                 0x08000207   Thumb Code     0  startup_stm32g474xx.o(.text)
    DMA1_Channel7_IRQHandler                 0x08000207   Thumb Code     0  startup_stm32g474xx.o(.text)
    DMA1_Channel8_IRQHandler                 0x08000207   Thumb Code     0  startup_stm32g474xx.o(.text)
    DMA2_Channel1_IRQHandler                 0x08000207   Thumb Code     0  startup_stm32g474xx.o(.text)
    DMA2_Channel2_IRQHandler                 0x08000207   Thumb Code     0  startup_stm32g474xx.o(.text)
    DMA2_Channel3_IRQHandler                 0x08000207   Thumb Code     0  startup_stm32g474xx.o(.text)
    DMA2_Channel4_IRQHandler                 0x08000207   Thumb Code     0  startup_stm32g474xx.o(.text)
    DMA2_Channel5_IRQHandler                 0x08000207   Thumb Code     0  startup_stm32g474xx.o(.text)
    DMA2_Channel6_IRQHandler                 0x08000207   Thumb Code     0  startup_stm32g474xx.o(.text)
    DMA2_Channel7_IRQHandler                 0x08000207   Thumb Code     0  startup_stm32g474xx.o(.text)
    DMA2_Channel8_IRQHandler                 0x08000207   Thumb Code     0  startup_stm32g474xx.o(.text)
    DMAMUX_OVR_IRQHandler                    0x08000207   Thumb Code     0  startup_stm32g474xx.o(.text)
    EXTI0_IRQHandler                         0x08000207   Thumb Code     0  startup_stm32g474xx.o(.text)
    EXTI1_IRQHandler                         0x08000207   Thumb Code     0  startup_stm32g474xx.o(.text)
    EXTI2_IRQHandler                         0x08000207   Thumb Code     0  startup_stm32g474xx.o(.text)
    EXTI3_IRQHandler                         0x08000207   Thumb Code     0  startup_stm32g474xx.o(.text)
    EXTI4_IRQHandler                         0x08000207   Thumb Code     0  startup_stm32g474xx.o(.text)
    EXTI9_5_IRQHandler                       0x08000207   Thumb Code     0  startup_stm32g474xx.o(.text)
    FDCAN1_IT0_IRQHandler                    0x08000207   Thumb Code     0  startup_stm32g474xx.o(.text)
    FDCAN1_IT1_IRQHandler                    0x08000207   Thumb Code     0  startup_stm32g474xx.o(.text)
    FDCAN2_IT0_IRQHandler                    0x08000207   Thumb Code     0  startup_stm32g474xx.o(.text)
    FDCAN2_IT1_IRQHandler                    0x08000207   Thumb Code     0  startup_stm32g474xx.o(.text)
    FDCAN3_IT0_IRQHandler                    0x08000207   Thumb Code     0  startup_stm32g474xx.o(.text)
    FDCAN3_IT1_IRQHandler                    0x08000207   Thumb Code     0  startup_stm32g474xx.o(.text)
    FLASH_IRQHandler                         0x08000207   Thumb Code     0  startup_stm32g474xx.o(.text)
    FMAC_IRQHandler                          0x08000207   Thumb Code     0  startup_stm32g474xx.o(.text)
    FMC_IRQHandler                           0x08000207   Thumb Code     0  startup_stm32g474xx.o(.text)
    FPU_IRQHandler                           0x08000207   Thumb Code     0  startup_stm32g474xx.o(.text)
    HRTIM1_FLT_IRQHandler                    0x08000207   Thumb Code     0  startup_stm32g474xx.o(.text)
    HRTIM1_Master_IRQHandler                 0x08000207   Thumb Code     0  startup_stm32g474xx.o(.text)
    HRTIM1_TIMA_IRQHandler                   0x08000207   Thumb Code     0  startup_stm32g474xx.o(.text)
    HRTIM1_TIMB_IRQHandler                   0x08000207   Thumb Code     0  startup_stm32g474xx.o(.text)
    HRTIM1_TIMC_IRQHandler                   0x08000207   Thumb Code     0  startup_stm32g474xx.o(.text)
    HRTIM1_TIMD_IRQHandler                   0x08000207   Thumb Code     0  startup_stm32g474xx.o(.text)
    HRTIM1_TIME_IRQHandler                   0x08000207   Thumb Code     0  startup_stm32g474xx.o(.text)
    HRTIM1_TIMF_IRQHandler                   0x08000207   Thumb Code     0  startup_stm32g474xx.o(.text)
    I2C1_ER_IRQHandler                       0x08000207   Thumb Code     0  startup_stm32g474xx.o(.text)
    I2C1_EV_IRQHandler                       0x08000207   Thumb Code     0  startup_stm32g474xx.o(.text)
    I2C2_ER_IRQHandler                       0x08000207   Thumb Code     0  startup_stm32g474xx.o(.text)
    I2C2_EV_IRQHandler                       0x08000207   Thumb Code     0  startup_stm32g474xx.o(.text)
    I2C3_ER_IRQHandler                       0x08000207   Thumb Code     0  startup_stm32g474xx.o(.text)
    I2C3_EV_IRQHandler                       0x08000207   Thumb Code     0  startup_stm32g474xx.o(.text)
    I2C4_ER_IRQHandler                       0x08000207   Thumb Code     0  startup_stm32g474xx.o(.text)
    I2C4_EV_IRQHandler                       0x08000207   Thumb Code     0  startup_stm32g474xx.o(.text)
    LPTIM1_IRQHandler                        0x08000207   Thumb Code     0  startup_stm32g474xx.o(.text)
    LPUART1_IRQHandler                       0x08000207   Thumb Code     0  startup_stm32g474xx.o(.text)
    PVD_PVM_IRQHandler                       0x08000207   Thumb Code     0  startup_stm32g474xx.o(.text)
    QUADSPI_IRQHandler                       0x08000207   Thumb Code     0  startup_stm32g474xx.o(.text)
    RCC_IRQHandler                           0x08000207   Thumb Code     0  startup_stm32g474xx.o(.text)
    RNG_IRQHandler                           0x08000207   Thumb Code     0  startup_stm32g474xx.o(.text)
    RTC_Alarm_IRQHandler                     0x08000207   Thumb Code     0  startup_stm32g474xx.o(.text)
    RTC_TAMP_LSECSS_IRQHandler               0x08000207   Thumb Code     0  startup_stm32g474xx.o(.text)
    RTC_WKUP_IRQHandler                      0x08000207   Thumb Code     0  startup_stm32g474xx.o(.text)
    SAI1_IRQHandler                          0x08000207   Thumb Code     0  startup_stm32g474xx.o(.text)
    SPI1_IRQHandler                          0x08000207   Thumb Code     0  startup_stm32g474xx.o(.text)
    SPI2_IRQHandler                          0x08000207   Thumb Code     0  startup_stm32g474xx.o(.text)
    SPI3_IRQHandler                          0x08000207   Thumb Code     0  startup_stm32g474xx.o(.text)
    SPI4_IRQHandler                          0x08000207   Thumb Code     0  startup_stm32g474xx.o(.text)
    TIM1_BRK_TIM15_IRQHandler                0x08000207   Thumb Code     0  startup_stm32g474xx.o(.text)
    TIM1_CC_IRQHandler                       0x08000207   Thumb Code     0  startup_stm32g474xx.o(.text)
    TIM1_TRG_COM_TIM17_IRQHandler            0x08000207   Thumb Code     0  startup_stm32g474xx.o(.text)
    TIM1_UP_TIM16_IRQHandler                 0x08000207   Thumb Code     0  startup_stm32g474xx.o(.text)
    TIM20_BRK_IRQHandler                     0x08000207   Thumb Code     0  startup_stm32g474xx.o(.text)
    TIM20_CC_IRQHandler                      0x08000207   Thumb Code     0  startup_stm32g474xx.o(.text)
    TIM20_TRG_COM_IRQHandler                 0x08000207   Thumb Code     0  startup_stm32g474xx.o(.text)
    TIM20_UP_IRQHandler                      0x08000207   Thumb Code     0  startup_stm32g474xx.o(.text)
    TIM2_IRQHandler                          0x08000207   Thumb Code     0  startup_stm32g474xx.o(.text)
    TIM3_IRQHandler                          0x08000207   Thumb Code     0  startup_stm32g474xx.o(.text)
    TIM4_IRQHandler                          0x08000207   Thumb Code     0  startup_stm32g474xx.o(.text)
    TIM5_IRQHandler                          0x08000207   Thumb Code     0  startup_stm32g474xx.o(.text)
    TIM6_DAC_IRQHandler                      0x08000207   Thumb Code     0  startup_stm32g474xx.o(.text)
    TIM7_DAC_IRQHandler                      0x08000207   Thumb Code     0  startup_stm32g474xx.o(.text)
    TIM8_BRK_IRQHandler                      0x08000207   Thumb Code     0  startup_stm32g474xx.o(.text)
    TIM8_CC_IRQHandler                       0x08000207   Thumb Code     0  startup_stm32g474xx.o(.text)
    TIM8_TRG_COM_IRQHandler                  0x08000207   Thumb Code     0  startup_stm32g474xx.o(.text)
    TIM8_UP_IRQHandler                       0x08000207   Thumb Code     0  startup_stm32g474xx.o(.text)
    UART4_IRQHandler                         0x08000207   Thumb Code     0  startup_stm32g474xx.o(.text)
    UART5_IRQHandler                         0x08000207   Thumb Code     0  startup_stm32g474xx.o(.text)
    UCPD1_IRQHandler                         0x08000207   Thumb Code     0  startup_stm32g474xx.o(.text)
    USART1_IRQHandler                        0x08000207   Thumb Code     0  startup_stm32g474xx.o(.text)
    USART2_IRQHandler                        0x08000207   Thumb Code     0  startup_stm32g474xx.o(.text)
    USART3_IRQHandler                        0x08000207   Thumb Code     0  startup_stm32g474xx.o(.text)
    USBWakeUp_IRQHandler                     0x08000207   Thumb Code     0  startup_stm32g474xx.o(.text)
    USB_HP_IRQHandler                        0x08000207   Thumb Code     0  startup_stm32g474xx.o(.text)
    USB_LP_IRQHandler                        0x08000207   Thumb Code     0  startup_stm32g474xx.o(.text)
    WWDG_IRQHandler                          0x08000207   Thumb Code     0  startup_stm32g474xx.o(.text)
    __aeabi_uldivmod                         0x08000211   Thumb Code    98  uldiv.o(.text)
    __aeabi_memset                           0x08000273   Thumb Code    14  memseta.o(.text)
    __aeabi_memset4                          0x08000273   Thumb Code     0  memseta.o(.text)
    __aeabi_memset8                          0x08000273   Thumb Code     0  memseta.o(.text)
    __aeabi_memclr                           0x08000281   Thumb Code     4  memseta.o(.text)
    __aeabi_memclr4                          0x08000281   Thumb Code     0  memseta.o(.text)
    __aeabi_memclr8                          0x08000281   Thumb Code     0  memseta.o(.text)
    _memset$wrapper                          0x08000285   Thumb Code    18  memseta.o(.text)
    __aeabi_dadd                             0x08000297   Thumb Code   322  dadd.o(.text)
    __aeabi_dsub                             0x080003d9   Thumb Code     6  dadd.o(.text)
    __aeabi_drsub                            0x080003df   Thumb Code     6  dadd.o(.text)
    __aeabi_dmul                             0x080003e5   Thumb Code   228  dmul.o(.text)
    __aeabi_ddiv                             0x080004c9   Thumb Code   222  ddiv.o(.text)
    __aeabi_dcmple                           0x080005a7   Thumb Code    54  dcmple.o(.text)
    __aeabi_dcmplt                           0x080005dd   Thumb Code    54  dcmplt.o(.text)
    __aeabi_dcmpge                           0x08000613   Thumb Code    54  dcmpge.o(.text)
    __aeabi_dcmpgt                           0x08000649   Thumb Code    54  dcmpgt.o(.text)
    __aeabi_dcmpeq                           0x0800067f   Thumb Code    56  dcmpeq.o(.text)
    __aeabi_i2d                              0x080006b7   Thumb Code    34  dflti.o(.text)
    __aeabi_ui2d                             0x080006d9   Thumb Code    26  dfltui.o(.text)
    __aeabi_d2iz                             0x080006f3   Thumb Code    62  dfixi.o(.text)
    __aeabi_uidiv                            0x08000731   Thumb Code     0  uidiv.o(.text)
    __aeabi_uidivmod                         0x08000731   Thumb Code    44  uidiv.o(.text)
    __aeabi_llsl                             0x0800075d   Thumb Code    30  llshl.o(.text)
    _ll_shift_l                              0x0800075d   Thumb Code     0  llshl.o(.text)
    __aeabi_llsr                             0x0800077b   Thumb Code    32  llushr.o(.text)
    _ll_ushift_r                             0x0800077b   Thumb Code     0  llushr.o(.text)
    __aeabi_lasr                             0x0800079b   Thumb Code    36  llsshr.o(.text)
    _ll_sshift_r                             0x0800079b   Thumb Code     0  llsshr.o(.text)
    __I$use$fp                               0x080007bf   Thumb Code     0  iusefp.o(.text)
    _double_round                            0x080007bf   Thumb Code    30  depilogue.o(.text)
    _double_epilogue                         0x080007dd   Thumb Code   156  depilogue.o(.text)
    __aeabi_d2ulz                            0x08000879   Thumb Code    48  dfixul.o(.text)
    __aeabi_cdrcmple                         0x080008a9   Thumb Code    48  cdrcmple.o(.text)
    __scatterload                            0x080008d9   Thumb Code    38  init.o(.text)
    __scatterload_rt2                        0x080008d9   Thumb Code     0  init.o(.text)
    BusFault_Handler                         0x08000909   Thumb Code     2  stm32g4xx_it.o(.text.BusFault_Handler)
    DebugMon_Handler                         0x0800090d   Thumb Code     2  stm32g4xx_it.o(.text.DebugMon_Handler)
    EXTI15_10_IRQHandler                     0x08000911   Thumb Code     8  stm32g4xx_it.o(.text.EXTI15_10_IRQHandler)
    Error_Handler                            0x08000919   Thumb Code    10  main.o(.text.Error_Handler)
    HAL_Delay                                0x08000925   Thumb Code    40  stm32g4xx_hal.o(.text.HAL_Delay)
    HAL_GPIO_EXTI_Callback                   0x0800094d   Thumb Code     2  stm32g4xx_hal_gpio.o(.text.HAL_GPIO_EXTI_Callback)
    HAL_GPIO_EXTI_IRQHandler                 0x08000951   Thumb Code    22  stm32g4xx_hal_gpio.o(.text.HAL_GPIO_EXTI_IRQHandler)
    HAL_GPIO_Init                            0x08000969   Thumb Code   434  stm32g4xx_hal_gpio.o(.text.HAL_GPIO_Init)
    HAL_GPIO_WritePin                        0x08000b1d   Thumb Code    12  stm32g4xx_hal_gpio.o(.text.HAL_GPIO_WritePin)
    HAL_GetTick                              0x08000b29   Thumb Code    12  stm32g4xx_hal.o(.text.HAL_GetTick)
    HAL_I2CEx_ConfigAnalogFilter             0x08000b35   Thumb Code    74  stm32g4xx_hal_i2c_ex.o(.text.HAL_I2CEx_ConfigAnalogFilter)
    HAL_I2CEx_ConfigDigitalFilter            0x08000b81   Thumb Code    72  stm32g4xx_hal_i2c_ex.o(.text.HAL_I2CEx_ConfigDigitalFilter)
    HAL_I2C_Init                             0x08000bc9   Thumb Code   176  stm32g4xx_hal_i2c.o(.text.HAL_I2C_Init)
    HAL_I2C_Master_Transmit                  0x08000c79   Thumb Code   470  stm32g4xx_hal_i2c.o(.text.HAL_I2C_Master_Transmit)
    HAL_I2C_Mem_Read                         0x08000e51   Thumb Code   580  stm32g4xx_hal_i2c.o(.text.HAL_I2C_Mem_Read)
    HAL_I2C_Mem_Write                        0x08001095   Thumb Code   572  stm32g4xx_hal_i2c.o(.text.HAL_I2C_Mem_Write)
    HAL_I2C_MspInit                          0x080012d1   Thumb Code   248  i2c.o(.text.HAL_I2C_MspInit)
    HAL_IncTick                              0x080013c9   Thumb Code    26  stm32g4xx_hal.o(.text.HAL_IncTick)
    HAL_Init                                 0x080013e5   Thumb Code    30  stm32g4xx_hal.o(.text.HAL_Init)
    HAL_InitTick                             0x08001405   Thumb Code    80  stm32g4xx_hal.o(.text.HAL_InitTick)
    HAL_MspInit                              0x08001455   Thumb Code    52  stm32g4xx_hal_msp.o(.text.HAL_MspInit)
    HAL_NVIC_EnableIRQ                       0x08001489   Thumb Code    34  stm32g4xx_hal_cortex.o(.text.HAL_NVIC_EnableIRQ)
    HAL_NVIC_SetPriority                     0x080014ad   Thumb Code    86  stm32g4xx_hal_cortex.o(.text.HAL_NVIC_SetPriority)
    HAL_NVIC_SetPriorityGrouping             0x08001505   Thumb Code    32  stm32g4xx_hal_cortex.o(.text.HAL_NVIC_SetPriorityGrouping)
    HAL_PWREx_ControlVoltageScaling          0x08001525   Thumb Code   270  stm32g4xx_hal_pwr_ex.o(.text.HAL_PWREx_ControlVoltageScaling)
    HAL_PWREx_DisableUCPDDeadBattery         0x08001635   Thumb Code    18  stm32g4xx_hal_pwr_ex.o(.text.HAL_PWREx_DisableUCPDDeadBattery)
    HAL_RCCEx_PeriphCLKConfig                0x08001649   Thumb Code   726  stm32g4xx_hal_rcc_ex.o(.text.HAL_RCCEx_PeriphCLKConfig)
    HAL_RCC_ClockConfig                      0x08001921   Thumb Code   772  stm32g4xx_hal_rcc.o(.text.HAL_RCC_ClockConfig)
    HAL_RCC_GetPCLK1Freq                     0x08001c25   Thumb Code    42  stm32g4xx_hal_rcc.o(.text.HAL_RCC_GetPCLK1Freq)
    HAL_RCC_GetPCLK2Freq                     0x08001c51   Thumb Code    42  stm32g4xx_hal_rcc.o(.text.HAL_RCC_GetPCLK2Freq)
    HAL_RCC_GetSysClockFreq                  0x08001c7d   Thumb Code   130  stm32g4xx_hal_rcc.o(.text.HAL_RCC_GetSysClockFreq)
    HAL_RCC_OscConfig                        0x08001d01   Thumb Code  1230  stm32g4xx_hal_rcc.o(.text.HAL_RCC_OscConfig)
    HAL_SYSTICK_Config                       0x080021d1   Thumb Code    44  stm32g4xx_hal_cortex.o(.text.HAL_SYSTICK_Config)
    HAL_UARTEx_DisableFifoMode               0x080021fd   Thumb Code    54  stm32g4xx_hal_uart_ex.o(.text.HAL_UARTEx_DisableFifoMode)
    HAL_UARTEx_SetRxFifoThreshold            0x08002235   Thumb Code   140  stm32g4xx_hal_uart_ex.o(.text.HAL_UARTEx_SetRxFifoThreshold)
    HAL_UARTEx_SetTxFifoThreshold            0x080022c1   Thumb Code   140  stm32g4xx_hal_uart_ex.o(.text.HAL_UARTEx_SetTxFifoThreshold)
    HAL_UART_Init                            0x0800234d   Thumb Code   100  stm32g4xx_hal_uart.o(.text.HAL_UART_Init)
    HAL_UART_MspInit                         0x080023b1   Thumb Code   142  usart.o(.text.HAL_UART_MspInit)
    HAL_UART_Transmit                        0x08002441   Thumb Code   430  stm32g4xx_hal_uart.o(.text.HAL_UART_Transmit)
    HardFault_Handler                        0x080025f1   Thumb Code     2  stm32g4xx_it.o(.text.HardFault_Handler)
    MX_GPIO_Init                             0x08002949   Thumb Code   180  gpio.o(.text.MX_GPIO_Init)
    MX_I2C2_Init                             0x080029fd   Thumb Code   108  i2c.o(.text.MX_I2C2_Init)
    MX_I2C3_Init                             0x08002a69   Thumb Code   108  i2c.o(.text.MX_I2C3_Init)
    MX_LPUART1_UART_Init                     0x08002ad5   Thumb Code   134  usart.o(.text.MX_LPUART1_UART_Init)
    MemManage_Handler                        0x08002b5d   Thumb Code     2  stm32g4xx_it.o(.text.MemManage_Handler)
    NMI_Handler                              0x08002b61   Thumb Code     2  stm32g4xx_it.o(.text.NMI_Handler)
    PendSV_Handler                           0x08002b65   Thumb Code     2  stm32g4xx_it.o(.text.PendSV_Handler)
    PrintVarFormat                           0x08002b69   Thumb Code    52  oled_u8g2.o(.text.PrintVarFormat)
    SVC_Handler                              0x08002ba1   Thumb Code     2  stm32g4xx_it.o(.text.SVC_Handler)
    SysTick_Handler                          0x08002ba5   Thumb Code     4  stm32g4xx_it.o(.text.SysTick_Handler)
    SystemInit                               0x08002ba9   Thumb Code    18  system_stm32g4xx.o(.text.SystemInit)
    UART_AdvFeatureConfig                    0x08002bbd   Thumb Code   230  stm32g4xx_hal_uart.o(.text.UART_AdvFeatureConfig)
    UART_CheckIdleState                      0x08002ca5   Thumb Code   362  stm32g4xx_hal_uart.o(.text.UART_CheckIdleState)
    UART_SetConfig                           0x08002e11   Thumb Code   676  stm32g4xx_hal_uart.o(.text.UART_SetConfig)
    UART_WaitOnFlagUntilTimeout              0x080030c5   Thumb Code   822  stm32g4xx_hal_uart.o(.text.UART_WaitOnFlagUntilTimeout)
    UsageFault_Handler                       0x080033fd   Thumb Code     2  stm32g4xx_it.o(.text.UsageFault_Handler)
    bme280_compensate_data                   0x08003401   Thumb Code  1560  bme280.o(.text.bme280_compensate_data)
    bme280_crc_selftest                      0x08003aa9   Thumb Code   412  bme280_selftest.o(.text.bme280_crc_selftest)
    bme280_get_regs                          0x08003c45   Thumb Code    78  bme280.o(.text.bme280_get_regs)
    bme280_get_sensor_data                   0x08003c95   Thumb Code   140  bme280.o(.text.bme280_get_sensor_data)
    bme280_init                              0x08003d21   Thumb Code   524  bme280.o(.text.bme280_init)
    bme280_set_sensor_mode                   0x08003f2d   Thumb Code   216  bme280.o(.text.bme280_set_sensor_mode)
    bme280_set_sensor_settings               0x08004005   Thumb Code   324  bme280.o(.text.bme280_set_sensor_settings)
    fputc                                    0x08004149   Thumb Code    32  main.o(.text.fputc)
    main                                     0x08004169   Thumb Code   232  main.o(.text.main)
    oled_sensor_data_normal_mode             0x08004281   Thumb Code   304  bme280_bsp.o(.text.oled_sensor_data_normal_mode)
    u8g2Init                                 0x080046b1   Thumb Code    56  oled_u8g2.o(.text.u8g2Init)
    u8g2_ClearBuffer                         0x080046e9   Thumb Code    22  u8g2_buffer.o(.text.u8g2_ClearBuffer)
    u8g2_DrawCircle                          0x08004701   Thumb Code   162  u8g2_circle.o(.text.u8g2_DrawCircle)
    u8g2_DrawHVLine                          0x080047a5   Thumb Code   268  u8g2_hvline.o(.text.u8g2_DrawHVLine)
    u8g2_DrawPixel                           0x080048b1   Thumb Code    70  u8g2_hvline.o(.text.u8g2_DrawPixel)
    u8g2_DrawStr                             0x080048f9   Thumb Code    16  u8g2_font.o(.text.u8g2_DrawStr)
    u8g2_DrawUTF8                            0x08004909   Thumb Code    16  u8g2_font.o(.text.u8g2_DrawUTF8)
    u8g2_IsIntersection                      0x08004919   Thumb Code   104  u8g2_intersection.o(.text.u8g2_IsIntersection)
    u8g2_SendBuffer                          0x08004981   Thumb Code    18  u8g2_buffer.o(.text.u8g2_SendBuffer)
    u8g2_SetFont                             0x08004995   Thumb Code   236  u8g2_font.o(.text.u8g2_SetFont)
    u8g2_SetFontPosBaseline                  0x08004a81   Thumb Code    12  u8g2_font.o(.text.u8g2_SetFontPosBaseline)
    u8g2_SetupBuffer                         0x08004a8d   Thumb Code    76  u8g2_setup.o(.text.u8g2_SetupBuffer)
    u8g2_Setup_ssd1306_i2c_128x64_noname_f   0x08004ad9   Thumb Code    68  u8g2_d_setup.o(.text.u8g2_Setup_ssd1306_i2c_128x64_noname_f)
    u8g2_add_vector_x                        0x08004b1d   Thumb Code    34  u8g2_font.o(.text.u8g2_add_vector_x)
    u8g2_add_vector_y                        0x08004b41   Thumb Code    34  u8g2_font.o(.text.u8g2_add_vector_y)
    u8g2_draw_hv_line_2dir                   0x08004c29   Thumb Code    30  u8g2_hvline.o(.text.u8g2_draw_hv_line_2dir)
    u8g2_draw_l90_r0                         0x08004c49   Thumb Code    20  u8g2_setup.o(.text.u8g2_draw_l90_r0)
    u8g2_font_calc_vref_font                 0x08004d4d   Thumb Code     4  u8g2_font.o(.text.u8g2_font_calc_vref_font)
    u8g2_font_decode_glyph                   0x08004d51   Thumb Code  1298  u8g2_font.o(.text.u8g2_font_decode_glyph)
    u8g2_font_get_glyph_data                 0x08005265   Thumb Code   204  u8g2_font.o(.text.u8g2_font_get_glyph_data)
    u8g2_ll_hvline_vertical_top_lsb          0x08005339   Thumb Code   644  u8g2_ll_hvline.o(.text.u8g2_ll_hvline_vertical_top_lsb)
    u8g2_m_16_8_f                            0x080055bd   Thumb Code    16  u8g2_d_memory.o(.text.u8g2_m_16_8_f)
    u8g2_update_dimension_r0                 0x08005625   Thumb Code    90  u8g2_setup.o(.text.u8g2_update_dimension_r0)
    u8g2_update_page_win_r0                  0x08005681   Thumb Code   136  u8g2_setup.o(.text.u8g2_update_page_win_r0)
    u8x8_DrawTile                            0x08005709   Thumb Code    40  u8x8_display.o(.text.u8x8_DrawTile)
    u8x8_InitDisplay                         0x08005731   Thumb Code    12  u8x8_display.o(.text.u8x8_InitDisplay)
    u8x8_RefreshDisplay                      0x0800573d   Thumb Code    12  u8x8_display.o(.text.u8x8_RefreshDisplay)
    u8x8_SetPowerSave                        0x08005749   Thumb Code    12  u8x8_display.o(.text.u8x8_SetPowerSave)
    u8x8_Setup                               0x08005755   Thumb Code    48  u8x8_setup.o(.text.u8x8_Setup)
    u8x8_SetupMemory                         0x08005785   Thumb Code    12  u8x8_display.o(.text.u8x8_SetupMemory)
    u8x8_ascii_next                          0x08005791   Thumb Code    18  u8x8_8x8.o(.text.u8x8_ascii_next)
    u8x8_byte_EndTransfer                    0x080057a5   Thumb Code    12  u8x8_byte.o(.text.u8x8_byte_EndTransfer)
    u8x8_byte_SendByte                       0x080057b1   Thumb Code    22  u8x8_byte.o(.text.u8x8_byte_SendByte)
    u8x8_byte_SendBytes                      0x080057c9   Thumb Code    12  u8x8_byte.o(.text.u8x8_byte_SendBytes)
    u8x8_byte_StartTransfer                  0x080057d5   Thumb Code    12  u8x8_byte.o(.text.u8x8_byte_StartTransfer)
    u8x8_byte_hw_i2c                         0x080057e1   Thumb Code   278  oled_u8g2.o(.text.u8x8_byte_hw_i2c)
    u8x8_cad_EndTransfer                     0x080058f9   Thumb Code    12  u8x8_cad.o(.text.u8x8_cad_EndTransfer)
    u8x8_cad_SendArg                         0x08005905   Thumb Code    12  u8x8_cad.o(.text.u8x8_cad_SendArg)
    u8x8_cad_SendCmd                         0x08005911   Thumb Code    12  u8x8_cad.o(.text.u8x8_cad_SendCmd)
    u8x8_cad_SendData                        0x0800591d   Thumb Code    12  u8x8_cad.o(.text.u8x8_cad_SendData)
    u8x8_cad_SendSequence                    0x08005929   Thumb Code   124  u8x8_cad.o(.text.u8x8_cad_SendSequence)
    u8x8_cad_StartTransfer                   0x080059a5   Thumb Code    12  u8x8_cad.o(.text.u8x8_cad_StartTransfer)
    u8x8_cad_ssd13xx_fast_i2c                0x080059b1   Thumb Code   526  u8x8_cad.o(.text.u8x8_cad_ssd13xx_fast_i2c)
    u8x8_d_helper_display_init               0x08005bc1   Thumb Code   100  u8x8_display.o(.text.u8x8_d_helper_display_init)
    u8x8_d_helper_display_setup_memory       0x08005c25   Thumb Code    10  u8x8_display.o(.text.u8x8_d_helper_display_setup_memory)
    u8x8_d_ssd1306_128x64_noname             0x08005c31   Thumb Code    72  u8x8_d_ssd1306_128x64_noname.o(.text.u8x8_d_ssd1306_128x64_noname)
    u8x8_gpio_and_delay                      0x08005d65   Thumb Code   242  oled_u8g2.o(.text.u8x8_gpio_and_delay)
    u8x8_gpio_call                           0x08005e59   Thumb Code     8  u8x8_gpio.o(.text.u8x8_gpio_call)
    u8x8_utf8_init                           0x08005e91   Thumb Code     8  u8x8_8x8.o(.text.u8x8_utf8_init)
    u8x8_utf8_next                           0x08005e99   Thumb Code   132  u8x8_8x8.o(.text.u8x8_utf8_next)
    user_delay_ms                            0x08005f1d   Thumb Code     4  i2c.o(.text.user_delay_ms)
    user_i2c_read                            0x08005f21   Thumb Code    50  i2c.o(.text.user_i2c_read)
    user_i2c_write                           0x08005f55   Thumb Code    50  i2c.o(.text.user_i2c_write)
    __0printf                                0x08005f89   Thumb Code    22  printfa.o(i.__0printf)
    __1printf                                0x08005f89   Thumb Code     0  printfa.o(i.__0printf)
    __2printf                                0x08005f89   Thumb Code     0  printfa.o(i.__0printf)
    __c89printf                              0x08005f89   Thumb Code     0  printfa.o(i.__0printf)
    printf                                   0x08005f89   Thumb Code     0  printfa.o(i.__0printf)
    __0sprintf                               0x08005fa9   Thumb Code    34  printfa.o(i.__0sprintf)
    __1sprintf                               0x08005fa9   Thumb Code     0  printfa.o(i.__0sprintf)
    __2sprintf                               0x08005fa9   Thumb Code     0  printfa.o(i.__0sprintf)
    __c89sprintf                             0x08005fa9   Thumb Code     0  printfa.o(i.__0sprintf)
    sprintf                                  0x08005fa9   Thumb Code     0  printfa.o(i.__0sprintf)
    __scatterload_copy                       0x08005fd1   Thumb Code    14  handlers.o(i.__scatterload_copy)
    __scatterload_null                       0x08005fdf   Thumb Code     2  handlers.o(i.__scatterload_null)
    __scatterload_zeroinit                   0x08005fe1   Thumb Code    14  handlers.o(i.__scatterload_zeroinit)
    puts                                     0x080068ad   Thumb Code    30  puts.o(i.puts)
    AHBPrescTable                            0x080068d0   Data          16  system_stm32g4xx.o(.rodata.AHBPrescTable)
    APBPrescTable                            0x080068e0   Data           8  system_stm32g4xx.o(.rodata.APBPrescTable)
    UARTPrescTable                           0x080068e8   Data          24  stm32g4xx_hal_uart.o(.rodata.UARTPrescTable)
    u8g2_cb_r0                               0x08006960   Data          12  u8g2_setup.o(.rodata.u8g2_cb_r0)
    u8g2_font_ncenB08_tf                     0x0800696c   Data        2518  u8g2_fonts.o(.rodata.u8g2_font_ncenB08_tf)
    Region$$Table$$Base                      0x080073a8   Number         0  anon$$obj.o(Region$$Table)
    Region$$Table$$Limit                     0x080073c8   Number         0  anon$$obj.o(Region$$Table)
    __stdout                                 0x20000000   Data           4  stdout.o(.data)
    uwTickPrio                               0x20000004   Data           4  stm32g4xx_hal.o(.data..L_MergedGlobals)
    uwTickFreq                               0x20000008   Data           4  stm32g4xx_hal.o(.data..L_MergedGlobals)
    SystemCoreClock                          0x2000000c   Data           4  system_stm32g4xx.o(.data.SystemCoreClock)
    hi2c2                                    0x20000010   Data          84  i2c.o(.bss.hi2c2)
    hi2c3                                    0x20000064   Data          84  i2c.o(.bss.hi2c3)
    hlpuart1                                 0x200000b8   Data         148  usart.o(.bss.hlpuart1)
    uwTick                                   0x200005d0   Data           4  stm32g4xx_hal.o(.bss.uwTick)
    __initial_sp                             0x200009d8   Data           0  startup_stm32g474xx.o(STACK)



==============================================================================

Memory Map of the image

  Image Entry point : 0x080001d9

  Load Region LR_IROM1 (Base: 0x08000000, Size: 0x000073d8, Max: 0x00080000, ABSOLUTE)

    Execution Region ER_IROM1 (Exec base: 0x08000000, Load base: 0x08000000, Size: 0x000073c8, Max: 0x00080000, ABSOLUTE)

    Exec Addr    Load Addr    Size         Type   Attr      Idx    E Section Name        Object

    0x08000000   0x08000000   0x000001d8   Data   RO            3    RESET               startup_stm32g474xx.o
    0x080001d8   0x080001d8   0x00000000   Code   RO         4151  * .ARM.Collect$$$$00000000  mc_w.l(entry.o)
    0x080001d8   0x080001d8   0x00000004   Code   RO         4445    .ARM.Collect$$$$00000001  mc_w.l(entry2.o)
    0x080001dc   0x080001dc   0x00000004   Code   RO         4448    .ARM.Collect$$$$00000004  mc_w.l(entry5.o)
    0x080001e0   0x080001e0   0x00000000   Code   RO         4450    .ARM.Collect$$$$00000008  mc_w.l(entry7b.o)
    0x080001e0   0x080001e0   0x00000000   Code   RO         4452    .ARM.Collect$$$$0000000A  mc_w.l(entry8b.o)
    0x080001e0   0x080001e0   0x00000008   Code   RO         4453    .ARM.Collect$$$$0000000B  mc_w.l(entry9a.o)
    0x080001e8   0x080001e8   0x00000000   Code   RO         4455    .ARM.Collect$$$$0000000D  mc_w.l(entry10a.o)
    0x080001e8   0x080001e8   0x00000000   Code   RO         4457    .ARM.Collect$$$$0000000F  mc_w.l(entry11a.o)
    0x080001e8   0x080001e8   0x00000004   Code   RO         4446    .ARM.Collect$$$$00002712  mc_w.l(entry2.o)
    0x080001ec   0x080001ec   0x00000024   Code   RO            4    .text               startup_stm32g474xx.o
    0x08000210   0x08000210   0x00000062   Code   RO         4158    .text               mc_w.l(uldiv.o)
    0x08000272   0x08000272   0x00000024   Code   RO         4160    .text               mc_w.l(memseta.o)
    0x08000296   0x08000296   0x0000014e   Code   RO         4423    .text               mf_w.l(dadd.o)
    0x080003e4   0x080003e4   0x000000e4   Code   RO         4425    .text               mf_w.l(dmul.o)
    0x080004c8   0x080004c8   0x000000de   Code   RO         4427    .text               mf_w.l(ddiv.o)
    0x080005a6   0x080005a6   0x00000036   Code   RO         4429    .text               mf_w.l(dcmple.o)
    0x080005dc   0x080005dc   0x00000036   Code   RO         4431    .text               mf_w.l(dcmplt.o)
    0x08000612   0x08000612   0x00000036   Code   RO         4433    .text               mf_w.l(dcmpge.o)
    0x08000648   0x08000648   0x00000036   Code   RO         4435    .text               mf_w.l(dcmpgt.o)
    0x0800067e   0x0800067e   0x00000038   Code   RO         4437    .text               mf_w.l(dcmpeq.o)
    0x080006b6   0x080006b6   0x00000022   Code   RO         4439    .text               mf_w.l(dflti.o)
    0x080006d8   0x080006d8   0x0000001a   Code   RO         4441    .text               mf_w.l(dfltui.o)
    0x080006f2   0x080006f2   0x0000003e   Code   RO         4443    .text               mf_w.l(dfixi.o)
    0x08000730   0x08000730   0x0000002c   Code   RO         4469    .text               mc_w.l(uidiv.o)
    0x0800075c   0x0800075c   0x0000001e   Code   RO         4471    .text               mc_w.l(llshl.o)
    0x0800077a   0x0800077a   0x00000020   Code   RO         4473    .text               mc_w.l(llushr.o)
    0x0800079a   0x0800079a   0x00000024   Code   RO         4475    .text               mc_w.l(llsshr.o)
    0x080007be   0x080007be   0x00000000   Code   RO         4477    .text               mc_w.l(iusefp.o)
    0x080007be   0x080007be   0x000000ba   Code   RO         4478    .text               mf_w.l(depilogue.o)
    0x08000878   0x08000878   0x00000030   Code   RO         4480    .text               mf_w.l(dfixul.o)
    0x080008a8   0x080008a8   0x00000030   Code   RO         4482    .text               mf_w.l(cdrcmple.o)
    0x080008d8   0x080008d8   0x00000030   Code   RO         4484    .text               mc_w.l(init.o)
    0x08000908   0x08000908   0x00000002   Code   RO           84    .text.BusFault_Handler  stm32g4xx_it.o
    0x0800090a   0x0800090a   0x00000002   PAD
    0x0800090c   0x0800090c   0x00000002   Code   RO           90    .text.DebugMon_Handler  stm32g4xx_it.o
    0x0800090e   0x0800090e   0x00000002   PAD
    0x08000910   0x08000910   0x00000008   Code   RO           96    .text.EXTI15_10_IRQHandler  stm32g4xx_it.o
    0x08000918   0x08000918   0x0000000a   Code   RO           15    .text.Error_Handler  main.o
    0x08000922   0x08000922   0x00000002   PAD
    0x08000924   0x08000924   0x00000028   Code   RO          307    .text.HAL_Delay     stm32g4xx_hal.o
    0x0800094c   0x0800094c   0x00000002   Code   RO          544    .text.HAL_GPIO_EXTI_Callback  stm32g4xx_hal_gpio.o
    0x0800094e   0x0800094e   0x00000002   PAD
    0x08000950   0x08000950   0x00000016   Code   RO          542    .text.HAL_GPIO_EXTI_IRQHandler  stm32g4xx_hal_gpio.o
    0x08000966   0x08000966   0x00000002   PAD
    0x08000968   0x08000968   0x000001b2   Code   RO          530    .text.HAL_GPIO_Init  stm32g4xx_hal_gpio.o
    0x08000b1a   0x08000b1a   0x00000002   PAD
    0x08000b1c   0x08000b1c   0x0000000c   Code   RO          536    .text.HAL_GPIO_WritePin  stm32g4xx_hal_gpio.o
    0x08000b28   0x08000b28   0x0000000c   Code   RO          299    .text.HAL_GetTick   stm32g4xx_hal.o
    0x08000b34   0x08000b34   0x0000004a   Code   RO          267    .text.HAL_I2CEx_ConfigAnalogFilter  stm32g4xx_hal_i2c_ex.o
    0x08000b7e   0x08000b7e   0x00000002   PAD
    0x08000b80   0x08000b80   0x00000048   Code   RO          269    .text.HAL_I2CEx_ConfigDigitalFilter  stm32g4xx_hal_i2c_ex.o
    0x08000bc8   0x08000bc8   0x000000b0   Code   RO          113    .text.HAL_I2C_Init  stm32g4xx_hal_i2c.o
    0x08000c78   0x08000c78   0x000001d6   Code   RO          121    .text.HAL_I2C_Master_Transmit  stm32g4xx_hal_i2c.o
    0x08000e4e   0x08000e4e   0x00000002   PAD
    0x08000e50   0x08000e50   0x00000244   Code   RO          173    .text.HAL_I2C_Mem_Read  stm32g4xx_hal_i2c.o
    0x08001094   0x08001094   0x0000023c   Code   RO          171    .text.HAL_I2C_Mem_Write  stm32g4xx_hal_i2c.o
    0x080012d0   0x080012d0   0x000000f8   Code   RO           41    .text.HAL_I2C_MspInit  i2c.o
    0x080013c8   0x080013c8   0x0000001a   Code   RO          297    .text.HAL_IncTick   stm32g4xx_hal.o
    0x080013e2   0x080013e2   0x00000002   PAD
    0x080013e4   0x080013e4   0x0000001e   Code   RO          287    .text.HAL_Init      stm32g4xx_hal.o
    0x08001402   0x08001402   0x00000002   PAD
    0x08001404   0x08001404   0x00000050   Code   RO          289    .text.HAL_InitTick  stm32g4xx_hal.o
    0x08001454   0x08001454   0x00000034   Code   RO          105    .text.HAL_MspInit   stm32g4xx_hal_msp.o
    0x08001488   0x08001488   0x00000022   Code   RO          756    .text.HAL_NVIC_EnableIRQ  stm32g4xx_hal_cortex.o
    0x080014aa   0x080014aa   0x00000002   PAD
    0x080014ac   0x080014ac   0x00000056   Code   RO          754    .text.HAL_NVIC_SetPriority  stm32g4xx_hal_cortex.o
    0x08001502   0x08001502   0x00000002   PAD
    0x08001504   0x08001504   0x00000020   Code   RO          752    .text.HAL_NVIC_SetPriorityGrouping  stm32g4xx_hal_cortex.o
    0x08001524   0x08001524   0x0000010e   Code   RO          672    .text.HAL_PWREx_ControlVoltageScaling  stm32g4xx_hal_pwr_ex.o
    0x08001632   0x08001632   0x00000002   PAD
    0x08001634   0x08001634   0x00000012   Code   RO          742    .text.HAL_PWREx_DisableUCPDDeadBattery  stm32g4xx_hal_pwr_ex.o
    0x08001646   0x08001646   0x00000002   PAD
    0x08001648   0x08001648   0x000002d6   Code   RO          411    .text.HAL_RCCEx_PeriphCLKConfig  stm32g4xx_hal_rcc_ex.o
    0x0800191e   0x0800191e   0x00000002   PAD
    0x08001920   0x08001920   0x00000304   Code   RO          377    .text.HAL_RCC_ClockConfig  stm32g4xx_hal_rcc.o
    0x08001c24   0x08001c24   0x0000002a   Code   RO          385    .text.HAL_RCC_GetPCLK1Freq  stm32g4xx_hal_rcc.o
    0x08001c4e   0x08001c4e   0x00000002   PAD
    0x08001c50   0x08001c50   0x0000002a   Code   RO          387    .text.HAL_RCC_GetPCLK2Freq  stm32g4xx_hal_rcc.o
    0x08001c7a   0x08001c7a   0x00000002   PAD
    0x08001c7c   0x08001c7c   0x00000082   Code   RO          379    .text.HAL_RCC_GetSysClockFreq  stm32g4xx_hal_rcc.o
    0x08001cfe   0x08001cfe   0x00000002   PAD
    0x08001d00   0x08001d00   0x000004ce   Code   RO          375    .text.HAL_RCC_OscConfig  stm32g4xx_hal_rcc.o
    0x080021ce   0x080021ce   0x00000002   PAD
    0x080021d0   0x080021d0   0x0000002c   Code   RO          764    .text.HAL_SYSTICK_Config  stm32g4xx_hal_cortex.o
    0x080021fc   0x080021fc   0x00000036   Code   RO          964    .text.HAL_UARTEx_DisableFifoMode  stm32g4xx_hal_uart_ex.o
    0x08002232   0x08002232   0x00000002   PAD
    0x08002234   0x08002234   0x0000008c   Code   RO          968    .text.HAL_UARTEx_SetRxFifoThreshold  stm32g4xx_hal_uart_ex.o
    0x080022c0   0x080022c0   0x0000008c   Code   RO          966    .text.HAL_UARTEx_SetTxFifoThreshold  stm32g4xx_hal_uart_ex.o
    0x0800234c   0x0800234c   0x00000064   Code   RO          802    .text.HAL_UART_Init  stm32g4xx_hal_uart.o
    0x080023b0   0x080023b0   0x0000008e   Code   RO           63    .text.HAL_UART_MspInit  usart.o
    0x0800243e   0x0800243e   0x00000002   PAD
    0x08002440   0x08002440   0x000001ae   Code   RO          822    .text.HAL_UART_Transmit  stm32g4xx_hal_uart.o
    0x080025ee   0x080025ee   0x00000002   PAD
    0x080025f0   0x080025f0   0x00000002   Code   RO           80    .text.HardFault_Handler  stm32g4xx_it.o
    0x080025f2   0x080025f2   0x00000002   PAD
    0x080025f4   0x080025f4   0x0000015c   Code   RO          257    .text.I2C_IsErrorOccurred  stm32g4xx_hal_i2c.o
    0x08002750   0x08002750   0x000000e4   Code   RO          123    .text.I2C_WaitOnFlagUntilTimeout  stm32g4xx_hal_i2c.o
    0x08002834   0x08002834   0x0000007c   Code   RO          127    .text.I2C_WaitOnSTOPFlagUntilTimeout  stm32g4xx_hal_i2c.o
    0x080028b0   0x080028b0   0x00000098   Code   RO          125    .text.I2C_WaitOnTXISFlagUntilTimeout  stm32g4xx_hal_i2c.o
    0x08002948   0x08002948   0x000000b4   Code   RO           28    .text.MX_GPIO_Init  gpio.o
    0x080029fc   0x080029fc   0x0000006c   Code   RO           37    .text.MX_I2C2_Init  i2c.o
    0x08002a68   0x08002a68   0x0000006c   Code   RO           39    .text.MX_I2C3_Init  i2c.o
    0x08002ad4   0x08002ad4   0x00000086   Code   RO           61    .text.MX_LPUART1_UART_Init  usart.o
    0x08002b5a   0x08002b5a   0x00000002   PAD
    0x08002b5c   0x08002b5c   0x00000002   Code   RO           82    .text.MemManage_Handler  stm32g4xx_it.o
    0x08002b5e   0x08002b5e   0x00000002   PAD
    0x08002b60   0x08002b60   0x00000002   Code   RO           78    .text.NMI_Handler   stm32g4xx_it.o
    0x08002b62   0x08002b62   0x00000002   PAD
    0x08002b64   0x08002b64   0x00000002   Code   RO           92    .text.PendSV_Handler  stm32g4xx_it.o
    0x08002b66   0x08002b66   0x00000002   PAD
    0x08002b68   0x08002b68   0x00000038   Code   RO         1073    .text.PrintVarFormat  oled_u8g2.o
    0x08002ba0   0x08002ba0   0x00000002   Code   RO           88    .text.SVC_Handler   stm32g4xx_it.o
    0x08002ba2   0x08002ba2   0x00000002   PAD
    0x08002ba4   0x08002ba4   0x00000004   Code   RO           94    .text.SysTick_Handler  stm32g4xx_it.o
    0x08002ba8   0x08002ba8   0x00000012   Code   RO          989    .text.SystemInit    system_stm32g4xx.o
    0x08002bba   0x08002bba   0x00000002   PAD
    0x08002bbc   0x08002bbc   0x000000e6   Code   RO          806    .text.UART_AdvFeatureConfig  stm32g4xx_hal_uart.o
    0x08002ca2   0x08002ca2   0x00000002   PAD
    0x08002ca4   0x08002ca4   0x0000016a   Code   RO          810    .text.UART_CheckIdleState  stm32g4xx_hal_uart.o
    0x08002e0e   0x08002e0e   0x00000002   PAD
    0x08002e10   0x08002e10   0x000002b4   Code   RO          808    .text.UART_SetConfig  stm32g4xx_hal_uart.o
    0x080030c4   0x080030c4   0x00000336   Code   RO          824    .text.UART_WaitOnFlagUntilTimeout  stm32g4xx_hal_uart.o
    0x080033fa   0x080033fa   0x00000002   PAD
    0x080033fc   0x080033fc   0x00000002   Code   RO           86    .text.UsageFault_Handler  stm32g4xx_it.o
    0x080033fe   0x080033fe   0x00000002   PAD
    0x08003400   0x08003400   0x000006a8   Code   RO         1028    .text.bme280_compensate_data  bme280.o
    0x08003aa8   0x08003aa8   0x0000019c   Code   RO         1056    .text.bme280_crc_selftest  bme280_selftest.o
    0x08003c44   0x08003c44   0x0000004e   Code   RO         1006    .text.bme280_get_regs  bme280.o
    0x08003c92   0x08003c92   0x00000002   PAD
    0x08003c94   0x08003c94   0x0000008c   Code   RO         1024    .text.bme280_get_sensor_data  bme280.o
    0x08003d20   0x08003d20   0x0000020c   Code   RO         1004    .text.bme280_init   bme280.o
    0x08003f2c   0x08003f2c   0x000000d8   Code   RO         1022    .text.bme280_set_sensor_mode  bme280.o
    0x08004004   0x08004004   0x00000144   Code   RO         1012    .text.bme280_set_sensor_settings  bme280.o
    0x08004148   0x08004148   0x00000020   Code   RO           17    .text.fputc         main.o
    0x08004168   0x08004168   0x00000118   Code   RO           11    .text.main          main.o
    0x08004280   0x08004280   0x0000016c   Code   RO         1044    .text.oled_sensor_data_normal_mode  bme280_bsp.o
    0x080043ec   0x080043ec   0x00000148   Code   RO         1016    .text.put_device_to_sleep  bme280.o
    0x08004534   0x08004534   0x0000017c   Code   RO         1018    .text.set_osr_settings  bme280.o
    0x080046b0   0x080046b0   0x00000038   Code   RO         1071    .text.u8g2Init      oled_u8g2.o
    0x080046e8   0x080046e8   0x00000016   Code   RO         1123    .text.u8g2_ClearBuffer  u8g2_buffer.o
    0x080046fe   0x080046fe   0x00000002   PAD
    0x08004700   0x08004700   0x000000a2   Code   RO         1155    .text.u8g2_DrawCircle  u8g2_circle.o
    0x080047a2   0x080047a2   0x00000002   PAD
    0x080047a4   0x080047a4   0x0000010c   Code   RO         3408    .text.u8g2_DrawHVLine  u8g2_hvline.o
    0x080048b0   0x080048b0   0x00000046   Code   RO         3414    .text.u8g2_DrawPixel  u8g2_hvline.o
    0x080048f6   0x080048f6   0x00000002   PAD
    0x080048f8   0x080048f8   0x00000010   Code   RO         1650    .text.u8g2_DrawStr  u8g2_font.o
    0x08004908   0x08004908   0x00000010   Code   RO         1654    .text.u8g2_DrawUTF8  u8g2_font.o
    0x08004918   0x08004918   0x00000068   Code   RO         3437    .text.u8g2_IsIntersection  u8g2_intersection.o
    0x08004980   0x08004980   0x00000012   Code   RO         1125    .text.u8g2_SendBuffer  u8g2_buffer.o
    0x08004992   0x08004992   0x00000002   PAD
    0x08004994   0x08004994   0x000000ec   Code   RO         1684    .text.u8g2_SetFont  u8g2_font.o
    0x08004a80   0x08004a80   0x0000000c   Code   RO         1670    .text.u8g2_SetFontPosBaseline  u8g2_font.o
    0x08004a8c   0x08004a8c   0x0000004c   Code   RO         3542    .text.u8g2_SetupBuffer  u8g2_setup.o
    0x08004ad8   0x08004ad8   0x00000044   Code   RO         1602    .text.u8g2_Setup_ssd1306_i2c_128x64_noname_f  u8g2_d_setup.o
    0x08004b1c   0x08004b1c   0x00000022   Code   RO         1634    .text.u8g2_add_vector_x  u8g2_font.o
    0x08004b3e   0x08004b3e   0x00000002   PAD
    0x08004b40   0x08004b40   0x00000022   Code   RO         1632    .text.u8g2_add_vector_y  u8g2_font.o
    0x08004b62   0x08004b62   0x00000002   PAD
    0x08004b64   0x08004b64   0x000000c2   Code   RO         1163    .text.u8g2_draw_circle_section  u8g2_circle.o
    0x08004c26   0x08004c26   0x00000002   PAD
    0x08004c28   0x08004c28   0x0000001e   Code   RO         3406    .text.u8g2_draw_hv_line_2dir  u8g2_hvline.o
    0x08004c46   0x08004c46   0x00000002   PAD
    0x08004c48   0x08004c48   0x00000014   Code   RO         3564    .text.u8g2_draw_l90_r0  u8g2_setup.o
    0x08004c5c   0x08004c5c   0x000000ee   Code   RO         1652    .text.u8g2_draw_string  u8g2_font.o
    0x08004d4a   0x08004d4a   0x00000002   PAD
    0x08004d4c   0x08004d4c   0x00000004   Code   RO         1668    .text.u8g2_font_calc_vref_font  u8g2_font.o
    0x08004d50   0x08004d50   0x00000512   Code   RO         1638    .text.u8g2_font_decode_glyph  u8g2_font.o
    0x08005262   0x08005262   0x00000002   PAD
    0x08005264   0x08005264   0x000000cc   Code   RO         1640    .text.u8g2_font_get_glyph_data  u8g2_font.o
    0x08005330   0x08005330   0x00000008   Code   RO         1614    .text.u8g2_font_get_word  u8g2_font.o
    0x08005338   0x08005338   0x00000284   Code   RO         3468    .text.u8g2_ll_hvline_vertical_top_lsb  u8g2_ll_hvline.o
    0x080055bc   0x080055bc   0x00000010   Code   RO         1198    .text.u8g2_m_16_8_f  u8g2_d_memory.o
    0x080055cc   0x080055cc   0x00000058   Code   RO         1127    .text.u8g2_send_buffer  u8g2_buffer.o
    0x08005624   0x08005624   0x0000005a   Code   RO         3548    .text.u8g2_update_dimension_r0  u8g2_setup.o
    0x0800567e   0x0800567e   0x00000002   PAD
    0x08005680   0x08005680   0x00000088   Code   RO         3550    .text.u8g2_update_page_win_r0  u8g2_setup.o
    0x08005708   0x08005708   0x00000028   Code   RO         3876    .text.u8x8_DrawTile  u8x8_display.o
    0x08005730   0x08005730   0x0000000c   Code   RO         3880    .text.u8x8_InitDisplay  u8x8_display.o
    0x0800573c   0x0800573c   0x0000000c   Code   RO         3888    .text.u8x8_RefreshDisplay  u8x8_display.o
    0x08005748   0x08005748   0x0000000c   Code   RO         3882    .text.u8x8_SetPowerSave  u8x8_display.o
    0x08005754   0x08005754   0x00000030   Code   RO         4094    .text.u8x8_Setup    u8x8_setup.o
    0x08005784   0x08005784   0x0000000c   Code   RO         3878    .text.u8x8_SetupMemory  u8x8_display.o
    0x08005790   0x08005790   0x00000012   Code   RO         3664    .text.u8x8_ascii_next  u8x8_8x8.o
    0x080057a2   0x080057a2   0x00000002   PAD
    0x080057a4   0x080057a4   0x0000000c   Code   RO         3706    .text.u8x8_byte_EndTransfer  u8x8_byte.o
    0x080057b0   0x080057b0   0x00000016   Code   RO         3702    .text.u8x8_byte_SendByte  u8x8_byte.o
    0x080057c6   0x080057c6   0x00000002   PAD
    0x080057c8   0x080057c8   0x0000000c   Code   RO         3700    .text.u8x8_byte_SendBytes  u8x8_byte.o
    0x080057d4   0x080057d4   0x0000000c   Code   RO         3704    .text.u8x8_byte_StartTransfer  u8x8_byte.o
    0x080057e0   0x080057e0   0x00000116   Code   RO         1065    .text.u8x8_byte_hw_i2c  oled_u8g2.o
    0x080058f6   0x080058f6   0x00000002   PAD
    0x080058f8   0x080058f8   0x0000000c   Code   RO         3750    .text.u8x8_cad_EndTransfer  u8x8_cad.o
    0x08005904   0x08005904   0x0000000c   Code   RO         3742    .text.u8x8_cad_SendArg  u8x8_cad.o
    0x08005910   0x08005910   0x0000000c   Code   RO         3740    .text.u8x8_cad_SendCmd  u8x8_cad.o
    0x0800591c   0x0800591c   0x0000000c   Code   RO         3746    .text.u8x8_cad_SendData  u8x8_cad.o
    0x08005928   0x08005928   0x0000007c   Code   RO         3756    .text.u8x8_cad_SendSequence  u8x8_cad.o
    0x080059a4   0x080059a4   0x0000000c   Code   RO         3748    .text.u8x8_cad_StartTransfer  u8x8_cad.o
    0x080059b0   0x080059b0   0x0000020e   Code   RO         3774    .text.u8x8_cad_ssd13xx_fast_i2c  u8x8_cad.o
    0x08005bbe   0x08005bbe   0x00000002   PAD
    0x08005bc0   0x08005bc0   0x00000064   Code   RO         3874    .text.u8x8_d_helper_display_init  u8x8_display.o
    0x08005c24   0x08005c24   0x0000000a   Code   RO         3872    .text.u8x8_d_helper_display_setup_memory  u8x8_display.o
    0x08005c2e   0x08005c2e   0x00000002   PAD
    0x08005c30   0x08005c30   0x00000048   Code   RO         3830    .text.u8x8_d_ssd1306_128x64_noname  u8x8_d_ssd1306_128x64_noname.o
    0x08005c78   0x08005c78   0x000000ec   Code   RO         3832    .text.u8x8_d_ssd1306_sh1106_generic  u8x8_d_ssd1306_128x64_noname.o
    0x08005d64   0x08005d64   0x000000f2   Code   RO         1069    .text.u8x8_gpio_and_delay  oled_u8g2.o
    0x08005e56   0x08005e56   0x00000002   PAD
    0x08005e58   0x08005e58   0x00000008   Code   RO         4040    .text.u8x8_gpio_call  u8x8_gpio.o
    0x08005e60   0x08005e60   0x0000002e   Code   RO         3772    .text.u8x8_i2c_data_transfer  u8x8_cad.o
    0x08005e8e   0x08005e8e   0x00000002   PAD
    0x08005e90   0x08005e90   0x00000008   Code   RO         3662    .text.u8x8_utf8_init  u8x8_8x8.o
    0x08005e98   0x08005e98   0x00000084   Code   RO         3666    .text.u8x8_utf8_next  u8x8_8x8.o
    0x08005f1c   0x08005f1c   0x00000004   Code   RO           45    .text.user_delay_ms  i2c.o
    0x08005f20   0x08005f20   0x00000032   Code   RO           47    .text.user_i2c_read  i2c.o
    0x08005f52   0x08005f52   0x00000002   PAD
    0x08005f54   0x08005f54   0x00000032   Code   RO           49    .text.user_i2c_write  i2c.o
    0x08005f86   0x08005f86   0x00000002   PAD
    0x08005f88   0x08005f88   0x00000020   Code   RO         4395    i.__0printf         mc_w.l(printfa.o)
    0x08005fa8   0x08005fa8   0x00000028   Code   RO         4397    i.__0sprintf        mc_w.l(printfa.o)
    0x08005fd0   0x08005fd0   0x0000000e   Code   RO         4488    i.__scatterload_copy  mc_w.l(handlers.o)
    0x08005fde   0x08005fde   0x00000002   Code   RO         4489    i.__scatterload_null  mc_w.l(handlers.o)
    0x08005fe0   0x08005fe0   0x0000000e   Code   RO         4490    i.__scatterload_zeroinit  mc_w.l(handlers.o)
    0x08005fee   0x08005fee   0x00000002   PAD
    0x08005ff0   0x08005ff0   0x00000184   Code   RO         4402    i._fp_digits        mc_w.l(printfa.o)
    0x08006174   0x08006174   0x000006dc   Code   RO         4403    i._printf_core      mc_w.l(printfa.o)
    0x08006850   0x08006850   0x00000024   Code   RO         4404    i._printf_post_padding  mc_w.l(printfa.o)
    0x08006874   0x08006874   0x0000002e   Code   RO         4405    i._printf_pre_padding  mc_w.l(printfa.o)
    0x080068a2   0x080068a2   0x0000000a   Code   RO         4407    i._sputc            mc_w.l(printfa.o)
    0x080068ac   0x080068ac   0x00000024   Code   RO         4154    i.puts              mc_w.l(puts.o)
    0x080068d0   0x080068d0   0x00000010   Data   RO          994    .rodata.AHBPrescTable  system_stm32g4xx.o
    0x080068e0   0x080068e0   0x00000008   Data   RO          995    .rodata.APBPrescTable  system_stm32g4xx.o
    0x080068e8   0x080068e8   0x00000018   Data   RO          936    .rodata.UARTPrescTable  stm32g4xx_hal_uart.o
    0x08006900   0x08006900   0x00000010   Data   RO          937    .rodata.cst16       stm32g4xx_hal_uart.o
    0x08006910   0x08006910   0x00000010   Data   RO          978    .rodata.cst8        stm32g4xx_hal_uart_ex.o
    0x08006920   0x08006920   0x0000003d   Data   RO         1046    .rodata.str1.1      bme280_bsp.o
    0x0800695d   0x0800695d   0x00000003   PAD
    0x08006960   0x08006960   0x0000000c   Data   RO         3576    .rodata.u8g2_cb_r0  u8g2_setup.o
    0x0800696c   0x0800696c   0x000009d6   Data   RO         2763    .rodata.u8g2_font_ncenB08_tf  u8g2_fonts.o
    0x08007342   0x08007342   0x00000007   Data   RO         3852    .rodata.u8x8_d_ssd1306_128x64_noname_flip0_seq  u8x8_d_ssd1306_128x64_noname.o
    0x08007349   0x08007349   0x00000007   Data   RO         3853    .rodata.u8x8_d_ssd1306_128x64_noname_flip1_seq  u8x8_d_ssd1306_128x64_noname.o
    0x08007350   0x08007350   0x00000035   Data   RO         3844    .rodata.u8x8_d_ssd1306_128x64_noname_init_seq  u8x8_d_ssd1306_128x64_noname.o
    0x08007385   0x08007385   0x00000005   Data   RO         3850    .rodata.u8x8_d_ssd1306_128x64_noname_powersave0_seq  u8x8_d_ssd1306_128x64_noname.o
    0x0800738a   0x0800738a   0x00000005   Data   RO         3851    .rodata.u8x8_d_ssd1306_128x64_noname_powersave1_seq  u8x8_d_ssd1306_128x64_noname.o
    0x0800738f   0x0800738f   0x00000001   PAD
    0x08007390   0x08007390   0x00000018   Data   RO         3845    .rodata.u8x8_ssd1306_128x64_noname_display_info  u8x8_d_ssd1306_128x64_noname.o
    0x080073a8   0x080073a8   0x00000020   Data   RO         4487    Region$$Table       anon$$obj.o


    Execution Region RW_IRAM1 (Exec base: 0x20000000, Load base: 0x080073c8, Size: 0x000009d8, Max: 0x00020000, ABSOLUTE)

    Exec Addr    Load Addr    Size         Type   Attr      Idx    E Section Name        Object

    0x20000000   0x080073c8   0x00000004   Data   RW         4459    .data               mc_w.l(stdout.o)
    0x20000004   0x080073cc   0x00000008   Data   RW          364    .data..L_MergedGlobals  stm32g4xx_hal.o
    0x2000000c   0x080073d4   0x00000004   Data   RW          993    .data.SystemCoreClock  system_stm32g4xx.o
    0x20000010        -       0x00000054   Zero   RW           51    .bss.hi2c2          i2c.o
    0x20000064        -       0x00000054   Zero   RW           52    .bss.hi2c3          i2c.o
    0x200000b8        -       0x00000094   Zero   RW           69    .bss.hlpuart1       usart.o
    0x2000014c        -       0x00000400   Zero   RW         1457    .bss.u8g2_m_16_8_f.buf  u8g2_d_memory.o
    0x2000054c        -       0x00000001   Zero   RW         1076    .bss.u8x8_byte_hw_i2c.buf_idx  oled_u8g2.o
    0x2000054d        -       0x00000080   Zero   RW         1075    .bss.u8x8_byte_hw_i2c.buffer  oled_u8g2.o
    0x200005cd        -       0x00000001   Zero   RW         3783    .bss.u8x8_cad_ssd13xx_fast_i2c.in_transfer  u8x8_cad.o
    0x200005ce   0x080073d8   0x00000002   PAD
    0x200005d0        -       0x00000004   Zero   RW          363    .bss.uwTick         stm32g4xx_hal.o
    0x200005d4   0x080073d8   0x00000004   PAD
    0x200005d8        -       0x00000400   Zero   RW            1    STACK               startup_stm32g474xx.o


==============================================================================

Image component sizes


      Code (inc. data)   RO Data    RW Data    ZI Data      Debug   Object Name

      3694        248          0          0          0      23474   bme280.o
       364         60         61          0          0       7019   bme280_bsp.o
       412          0          0          0          0       3337   bme280_selftest.o
       180          0          0          0          0       4733   gpio.o
       568          0          0          0        168       8303   i2c.o
       322         48          0          0          0       8549   main.o
       632         64          0          0        129       8120   oled_u8g2.o
        36          8        472          0       1024        860   startup_stm32g474xx.o
       188          0          0          8          4       9600   stm32g4xx_hal.o
       196          0          0          0          0      11098   stm32g4xx_hal_cortex.o
       470          0          0          0          0       5246   stm32g4xx_hal_gpio.o
      2650          0          0          0          0      61911   stm32g4xx_hal_i2c.o
       146          0          0          0          0       6569   stm32g4xx_hal_i2c_ex.o
        52          0          0          0          0       1771   stm32g4xx_hal_msp.o
       288          0          0          0          0       9105   stm32g4xx_hal_pwr_ex.o
      2216          0          0          0          0      10102   stm32g4xx_hal_rcc.o
       726          0          0          0          0      11179   stm32g4xx_hal_rcc_ex.o
      2636         48         40          0          0      41772   stm32g4xx_hal_uart.o
       334          0         16          0          0      11222   stm32g4xx_hal_uart_ex.o
        28          0          0          0          0       1486   stm32g4xx_it.o
        18          0         24          4          0       2775   system_stm32g4xx.o
       128          0          0          0          0       8071   u8g2_buffer.o
       356          0          0          0          0      13032   u8g2_circle.o
        16          0          0          0       1024      22637   u8g2_d_memory.o
        68          0          0          0          0       6674   u8g2_d_setup.o
      2100         18          0          0          0      36978   u8g2_font.o
         0          0       2518          0          0      89133   u8g2_fonts.o
       368          0          0          0          0       8029   u8g2_hvline.o
       104          0          0          0          0       5159   u8g2_intersection.o
       644          0          0          0          0       7584   u8g2_ll_hvline.o
       322          0         12          0          0      12168   u8g2_setup.o
       158          0          0          0          0      13433   u8x8_8x8.o
        58          0          0          0          0      12269   u8x8_byte.o
       756          8          0          0          1      16387   u8x8_cad.o
       308          6        101          0          0       6012   u8x8_d_ssd1306_128x64_noname.o
       198          0          0          0          0       4692   u8x8_display.o
         8          0          0          0          0       2079   u8x8_gpio.o
        48          0          0          0          0       3063   u8x8_setup.o
       276          0          0          0        148       7093   usart.o

    ----------------------------------------------------------------------
     22180        508       3280         12       2504     522724   Object Totals
         0          0         32          0          0          0   (incl. Generated)
       108          0          4          0          6          0   (incl. Padding)

    ----------------------------------------------------------------------

      Code (inc. data)   RO Data    RW Data    ZI Data      Debug   Library Member Name

         0          0          0          0          0          0   entry.o
         0          0          0          0          0          0   entry10a.o
         0          0          0          0          0          0   entry11a.o
         8          4          0          0          0          0   entry2.o
         4          0          0          0          0          0   entry5.o
         0          0          0          0          0          0   entry7b.o
         0          0          0          0          0          0   entry8b.o
         8          4          0          0          0          0   entry9a.o
        30          0          0          0          0          0   handlers.o
        48         10          0          0          0         68   init.o
         0          0          0          0          0          0   iusefp.o
        30          0          0          0          0         68   llshl.o
        36          0          0          0          0         68   llsshr.o
        32          0          0          0          0         68   llushr.o
        36          0          0          0          0        108   memseta.o
      2308         96          0          0          0        604   printfa.o
        36          6          0          0          0         80   puts.o
         0          0          0          4          0          0   stdout.o
        44          0          0          0          0         80   uidiv.o
        98          0          0          0          0         92   uldiv.o
        48          0          0          0          0         68   cdrcmple.o
       334          0          0          0          0        148   dadd.o
        56          0          0          0          0         80   dcmpeq.o
        54          0          0          0          0         80   dcmpge.o
        54          0          0          0          0         80   dcmpgt.o
        54          0          0          0          0         80   dcmple.o
        54          0          0          0          0         80   dcmplt.o
       222          0          0          0          0        100   ddiv.o
       186          0          0          0          0        176   depilogue.o
        62          0          0          0          0         80   dfixi.o
        48          0          0          0          0         68   dfixul.o
        34          0          0          0          0         76   dflti.o
        26          0          0          0          0         76   dfltui.o
       228          0          0          0          0         96   dmul.o

    ----------------------------------------------------------------------
      4180        120          0          4          0       2524   Library Totals
         2          0          0          0          0          0   (incl. Padding)

    ----------------------------------------------------------------------

      Code (inc. data)   RO Data    RW Data    ZI Data      Debug   Library Name

      2718        120          0          4          0       1236   mc_w.l
      1460          0          0          0          0       1288   mf_w.l

    ----------------------------------------------------------------------
      4180        120          0          4          0       2524   Library Totals

    ----------------------------------------------------------------------

==============================================================================


      Code (inc. data)   RO Data    RW Data    ZI Data      Debug   

     26360        628       3280         16       2504     523328   Grand Totals
     26360        628       3280         16       2504     523328   ELF Image Totals
     26360        628       3280         16          0          0   ROM Totals

==============================================================================

    Total RO  Size (Code + RO Data)                29640 (  28.95kB)
    Total RW  Size (RW Data + ZI Data)              2520 (   2.46kB)
    Total ROM Size (Code + RO Data + RW Data)      29656 (  28.96kB)

==============================================================================

